
> parent-coach-playbook@0.1.0 build
> npm run build:manifest && astro build


> parent-coach-playbook@0.1.0 build:manifest
> node scripts/build-link-manifest.mjs

Γ£ô link-manifest.json written with 194 unique URLs across 87 files
12:21:10 [WARN] The currently selected adapter `@astrojs/cloudflare` is not compatible with the image service "Sharp".
12:21:12 [types] Generated 2.46s
12:21:12 [build] output: "hybrid"
12:21:12 [build] directory: C:\Users\jeffthomas\Desktop\Claude Cowork\Outputs\parent-coach-playbook\dist\
12:21:12 [build] adapter: @astrojs/cloudflare
12:21:12 [build] Collecting build info...
12:21:12 [build] Γ£ô Completed in 2.52s.
12:21:12 [build] Building hybrid entrypoints...
node.exe : Generated an empty chunk: "astro/env-setup".
At line:1 char:1
+ & "C:\Program Files\nodejs/node.exe" "C:\Program Files\nodejs/node_mo ...
+ ~~~~~~~~~~~~~~~~~~~~~~~~~~~~~~~~~~~~~~~~~~~~~~~~~~~~~~~~~~~~~~~~~~~~~
    + CategoryInfo          : NotSpecified: (Generated an em...tro/env-setup".:String) [], RemoteException
    + FullyQualifiedErrorId : NativeCommandError
 
12:21:25 [vite] [32mΓ£ô built in 12.89s[39m
12:21:25 [build] Γ£ô Completed in 12.92s.

 building client (vite) 
12:21:25 [vite] transforming...
12:21:25 [vite] [32mΓ£ô[39m 18 modules transformed.
12:21:25 [vite] rendering chunks...
12:21:25 [vite] computing gzip size...
12:21:25 [vite] [2mdist/[22m[36m_astro/hoisted.4-dYLW6p.js  [39m[1m[2m0.09 kB[22m[1m[22m[2m Γöé gzip: 0.09 kB[22m
12:21:25 [vite] [2mdist/[22m[36m_astro/hoisted.C6BaXLG_.js  [39m[1m[2m0.64 kB[22m[1m[22m[2m Γöé gzip: 0.36 kB[22m
12:21:25 [vite] [2mdist/[22m[36m_astro/hoisted.5Klq7UNT.js  [39m[1m[2m0.72 kB[22m[1m[22m[2m Γöé gzip: 0.37 kB[22m
12:21:25 [vite] [2mdist/[22m[36m_astro/hoisted.BVsUw0bI.js  [39m[1m[2m0.75 kB[22m[1m[22m[2m Γöé gzip: 0.40 kB[22m
12:21:25 [vite] [2mdist/[22m[36m_astro/hoisted.BAAL3Gom.js  [39m[1m[2m0.77 kB[22m[1m[22m[2m Γöé gzip: 0.41 kB[22m
12:21:25 [vite] [2mdist/[22m[36m_astro/hoisted.CHi348J-.js  [39m[1m[2m0.90 kB[22m[1m[22m[2m Γöé gzip: 0.38 kB[22m
12:21:25 [vite] [2mdist/[22m[36m_astro/hoisted.ux1Aj0bN.js  [39m[1m[2m1.48 kB[22m[1m[22m[2m Γöé gzip: 0.73 kB[22m
12:21:25 [vite] [2mdist/[22m[36m_astro/hoisted.BS7dU4o4.js  [39m[1m[2m1.73 kB[22m[1m[22m[2m Γöé gzip: 0.85 kB[22m
12:21:25 [vite] [2mdist/[22m[36m_astro/hoisted.BoGAeLvq.js  [39m[1m[2m6.95 kB[22m[1m[22m[2m Γöé gzip: 2.72 kB[22m
12:21:25 [vite] [32mΓ£ô built in 172ms[39m

 prerendering static routes 
12:21:27 Γû╢ src/pages/404.astro
12:21:27   ΓööΓöÇ /404.html (+8ms)
12:21:27 Γû╢ src/pages/about/corrections.astro
12:21:27   ΓööΓöÇ /about/corrections/index.html (+4ms)
12:21:27 Γû╢ src/pages/about/methodology.astro
12:21:27   ΓööΓöÇ /about/methodology/index.html (+4ms)
12:21:27 Γû╢ src/pages/about/sources.astro
12:21:27   ΓööΓöÇ /about/sources/index.html (+3ms)
12:21:27 Γû╢ src/pages/about.astro
12:21:27   ΓööΓöÇ /about/index.html (+4ms)
12:21:27 Γû╢ src/pages/adaptive/[slug].astro
12:21:27   Γö£ΓöÇ /adaptive/adhd-athlete/index.html (+6ms)
12:21:27   Γö£ΓöÇ /adaptive/autistic-athlete/index.html (+5ms)
12:21:27   Γö£ΓöÇ /adaptive/sensory-needs-on-the-sideline/index.html (+5ms)
12:21:27   ΓööΓöÇ /adaptive/unified-sports-explained/index.html (+5ms)
12:21:27 Γû╢ src/pages/adaptive/index.astro
12:21:27   ΓööΓöÇ /adaptive/index.html (+4ms)
12:21:27 Γû╢ src/pages/admin/editorial/index.astro
12:21:27   ΓööΓöÇ /admin/editorial/index.html (+386ms)
12:21:27 Γû╢ src/pages/body/index.astro
12:21:27   ΓööΓöÇ /body/index.html (+3ms)
12:21:27 Γû╢ src/pages/camps/submit.astro
12:21:27   ΓööΓöÇ /camps/submit/index.html (+10ms)
12:21:27 Γû╢ src/pages/coaching-tips/[slug].astro
12:21:27   Γö£ΓöÇ /coaching-tips/baseball-arm-circle-warm-up/index.html (+5ms)
12:21:27   Γö£ΓöÇ /coaching-tips/baseball-arm-slot-mirror/index.html (+4ms)
12:21:27   Γö£ΓöÇ /coaching-tips/baseball-backhand-pickup/index.html (+6ms)
12:21:27   Γö£ΓöÇ /coaching-tips/baseball-bare-hand-rolls/index.html (+4ms)
12:21:27   Γö£ΓöÇ /coaching-tips/baseball-base-running-game-ages-5-7/index.html (+4ms)
12:21:27   Γö£ΓöÇ /coaching-tips/baseball-bases-loaded-force-out/index.html (+4ms)
12:21:27   Γö£ΓöÇ /coaching-tips/baseball-bent-leg-slide/index.html (+4ms)
12:21:27   Γö£ΓöÇ /coaching-tips/baseball-bottom-hand-tee/index.html (+4ms)
12:21:27   Γö£ΓöÇ /coaching-tips/baseball-bucket-of-grounders/index.html (+4ms)
12:21:27   Γö£ΓöÇ /coaching-tips/baseball-bullpen-rhythm/index.html (+4ms)
12:21:27   Γö£ΓöÇ /coaching-tips/baseball-bunt-coverage-roles/index.html (+4ms)
12:21:27   Γö£ΓöÇ /coaching-tips/baseball-bunt-pivot/index.html (+3ms)
12:21:27   Γö£ΓöÇ /coaching-tips/baseball-bunt-square-around/index.html (+3ms)
12:21:27   Γö£ΓöÇ /coaching-tips/baseball-cage-work-with-coach-ages-13-14/index.html (+4ms)
12:21:27   Γö£ΓöÇ /coaching-tips/baseball-catcher-blocking-balls/index.html (+4ms)
12:21:27   Γö£ΓöÇ /coaching-tips/baseball-catcher-throwing-down/index.html (+4ms)
12:21:27   Γö£ΓöÇ /coaching-tips/baseball-changeup-grip-intro/index.html (+5ms)
12:21:27   Γö£ΓöÇ /coaching-tips/baseball-charge-the-ball/index.html (+4ms)
12:21:27   Γö£ΓöÇ /coaching-tips/baseball-coach-toss-front/index.html (+4ms)
12:21:27   Γö£ΓöÇ /coaching-tips/baseball-color-coded-ball-recognition/index.html (+4ms)
12:21:27   Γö£ΓöÇ /coaching-tips/baseball-cone-funnel-grounder/index.html (+4ms)
12:21:27   Γö£ΓöÇ /coaching-tips/baseball-cover-first-on-bunt/index.html (+4ms)
12:21:27   Γö£ΓöÇ /coaching-tips/baseball-cross-field-relay-throw/index.html (+4ms)
12:21:27   Γö£ΓöÇ /coaching-tips/baseball-cutoff-positioning/index.html (+4ms)
12:21:27   Γö£ΓöÇ /coaching-tips/baseball-deep-fly-over-the-shoulder/index.html (+4ms)
12:21:27   Γö£ΓöÇ /coaching-tips/baseball-do-or-die-grounder/index.html (+4ms)
12:21:27   Γö£ΓöÇ /coaching-tips/baseball-double-cut-relay/index.html (+4ms)
12:21:27   Γö£ΓöÇ /coaching-tips/baseball-double-play-feeds-ages-11-12/index.html (+4ms)
12:21:27   Γö£ΓöÇ /coaching-tips/baseball-dynamic-warm-up-circuit/index.html (+3ms)
12:21:27   Γö£ΓöÇ /coaching-tips/baseball-end-of-inning-score-check/index.html (+5ms)
12:21:27   Γö£ΓöÇ /coaching-tips/baseball-fielders-choice-decision/index.html (+5ms)
12:21:27   Γö£ΓöÇ /coaching-tips/baseball-fielding-position-after-pitch/index.html (+5ms)
12:21:27   Γö£ΓöÇ /coaching-tips/baseball-first-and-third-decisions/index.html (+4ms)
12:21:27   Γö£ΓöÇ /coaching-tips/baseball-first-and-third-defense/index.html (+5ms)
12:21:27   Γö£ΓöÇ /coaching-tips/baseball-flat-ground-rollers/index.html (+4ms)
12:21:27   Γö£ΓöÇ /coaching-tips/baseball-fly-ball-drop-step/index.html (+4ms)
12:21:27   Γö£ΓöÇ /coaching-tips/baseball-forehand-glove-only/index.html (+4ms)
12:21:27   Γö£ΓöÇ /coaching-tips/baseball-four-corners-grounders-ages-8-10/index.html (+4ms)
12:21:27   Γö£ΓöÇ /coaching-tips/baseball-four-seam-grip-intro/index.html (+4ms)
12:21:27   Γö£ΓöÇ /coaching-tips/baseball-game-call-the-play/index.html (+4ms)
12:21:27   Γö£ΓöÇ /coaching-tips/baseball-glove-flip-flexibility/index.html (+3ms)
12:21:27   Γö£ΓöÇ /coaching-tips/baseball-glove-side-only-catch/index.html (+4ms)
12:21:27   Γö£ΓöÇ /coaching-tips/baseball-grounder-and-throw-first/index.html (+4ms)
12:21:27   Γö£ΓöÇ /coaching-tips/baseball-hit-and-run-cue/index.html (+4ms)
12:21:27   Γö£ΓöÇ /coaching-tips/baseball-holding-runners-stretch/index.html (+4ms)
12:21:27   Γö£ΓöÇ /coaching-tips/baseball-infield-outfield-communication-ages-11-12/index.html (+5ms)
12:21:27   Γö£ΓöÇ /coaching-tips/baseball-inside-outside-pitch-recognition/index.html (+4ms)
12:21:27   Γö£ΓöÇ /coaching-tips/baseball-jog-and-stretch-line/index.html (+4ms)
12:21:27   Γö£ΓöÇ /coaching-tips/baseball-knee-pitching/index.html (+4ms)
12:21:27   Γö£ΓöÇ /coaching-tips/baseball-knee-throwing/index.html (+4ms)
12:21:27   Γö£ΓöÇ /coaching-tips/baseball-launch-position-pause/index.html (+4ms)
12:21:27   Γö£ΓöÇ /coaching-tips/baseball-line-drive-reaction/index.html (+4ms)
12:21:27   Γö£ΓöÇ /coaching-tips/baseball-live-tee-work-ages-8-10/index.html (+4ms)
12:21:27   Γö£ΓöÇ /coaching-tips/baseball-long-toss-ladder/index.html (+4ms)
12:21:27   Γö£ΓöÇ /coaching-tips/baseball-opposite-field-hitting/index.html (+4ms)
12:21:27   Γö£ΓöÇ /coaching-tips/baseball-outfield-throw-to-cutoff/index.html (+4ms)
12:21:27   Γö£ΓöÇ /coaching-tips/baseball-overhand-batting-practice/index.html (+4ms)
12:21:27   Γö£ΓöÇ /coaching-tips/baseball-overhand-toss-partner/index.html (+4ms)
12:21:27   Γö£ΓöÇ /coaching-tips/baseball-pickle-rundown/index.html (+4ms)
12:21:27   Γö£ΓöÇ /coaching-tips/baseball-pickoff-plays-ages-11-12/index.html (+6ms)
12:21:27   Γö£ΓöÇ /coaching-tips/baseball-pitch-count-game/index.html (+5ms)
12:21:27   Γö£ΓöÇ /coaching-tips/baseball-pitcher-fielder-throw-first/index.html (+4ms)
12:21:27   Γö£ΓöÇ /coaching-tips/baseball-pitching-mechanics-drill-ages-13-14/index.html (+4ms)
12:21:27   Γö£ΓöÇ /coaching-tips/baseball-pitching-stance-balance/index.html (+5ms)
12:21:27   Γö£ΓöÇ /coaching-tips/baseball-pop-up-priorities/index.html (+8ms)
12:21:27   Γö£ΓöÇ /coaching-tips/baseball-popup-call-it/index.html (+8ms)
12:21:27   Γö£ΓöÇ /coaching-tips/baseball-quick-release-catch-throw/index.html (+5ms)
12:21:27   Γö£ΓöÇ /coaching-tips/baseball-rapid-fire-soft-toss/index.html (+4ms)
12:21:27   Γö£ΓöÇ /coaching-tips/baseball-read-ball-off-bat/index.html (+4ms)
12:21:27   Γö£ΓöÇ /coaching-tips/baseball-ready-position-drill-ages-5-7/index.html (+4ms)
12:21:27   Γö£ΓöÇ /coaching-tips/baseball-rebound-net-catch/index.html (+6ms)
12:21:27   Γö£ΓöÇ /coaching-tips/baseball-relay-throws-ages-8-10/index.html (+5ms)
12:21:27   Γö£ΓöÇ /coaching-tips/baseball-rolling-grounders-no-glove/index.html (+5ms)
12:21:27   Γö£ΓöÇ /coaching-tips/baseball-rounding-the-base/index.html (+6ms)
12:21:27   Γö£ΓöÇ /coaching-tips/baseball-run-through-first/index.html (+5ms)
12:21:27   Γö£ΓöÇ /coaching-tips/baseball-rundown-cover-base/index.html (+5ms)
12:21:27   Γö£ΓöÇ /coaching-tips/baseball-runner-on-second-where-to-throw/index.html (+5ms)
12:21:27   Γö£ΓöÇ /coaching-tips/baseball-secondary-lead/index.html (+4ms)
12:21:27   Γö£ΓöÇ /coaching-tips/baseball-self-toss-catch/index.html (+7ms)
12:21:27   Γö£ΓöÇ /coaching-tips/baseball-short-hop-fielding/index.html (+5ms)
12:21:27   Γö£ΓöÇ /coaching-tips/baseball-shuffle-and-react/index.html (+7ms)
12:21:27   Γö£ΓöÇ /coaching-tips/baseball-shuffle-step-throw/index.html (+5ms)
12:21:27   Γö£ΓöÇ /coaching-tips/baseball-simple-grounders-ages-5-7/index.html (+6ms)
12:21:27   Γö£ΓöÇ /coaching-tips/baseball-situational-base-running-ages-13-14/index.html (+5ms)
12:21:27   Γö£ΓöÇ /coaching-tips/baseball-situational-hitting-ages-11-12/index.html (+5ms)
12:21:27   Γö£ΓöÇ /coaching-tips/baseball-sliding-foam-pad/index.html (+6ms)
12:21:27   Γö£ΓöÇ /coaching-tips/baseball-slow-roller-bare-hand/index.html (+5ms)
12:21:27   Γö£ΓöÇ /coaching-tips/baseball-soft-hands-glove-flips/index.html (+5ms)
12:21:27   Γö£ΓöÇ /coaching-tips/baseball-soft-toss-ages-8-10/index.html (+5ms)
12:21:27   Γö£ΓöÇ /coaching-tips/baseball-soft-toss-side/index.html (+4ms)
12:21:27   Γö£ΓöÇ /coaching-tips/baseball-stance-and-load/index.html (+5ms)
12:21:27   Γö£ΓöÇ /coaching-tips/baseball-station-to-station/index.html (+5ms)
12:21:27   Γö£ΓöÇ /coaching-tips/baseball-stealing-progression/index.html (+7ms)
12:21:27   Γö£ΓöÇ /coaching-tips/baseball-step-and-throw/index.html (+5ms)
12:21:27   Γö£ΓöÇ /coaching-tips/baseball-stride-and-pause/index.html (+5ms)
12:21:27   Γö£ΓöÇ /coaching-tips/baseball-strike-zone-judgment/index.html (+4ms)
12:21:27   Γö£ΓöÇ /coaching-tips/baseball-suicide-squeeze-defense/index.html (+4ms)
12:21:27   Γö£ΓöÇ /coaching-tips/baseball-tag-and-catch/index.html (+4ms)
12:21:27   Γö£ΓöÇ /coaching-tips/baseball-tag-up-defense/index.html (+5ms)
12:21:27   Γö£ΓöÇ /coaching-tips/baseball-tag-up-on-fly/index.html (+4ms)
12:21:27   Γö£ΓöÇ /coaching-tips/baseball-target-bucket-throw/index.html (+5ms)
12:21:27   Γö£ΓöÇ /coaching-tips/baseball-tee-belly-button-contact/index.html (+6ms)
12:21:27   Γö£ΓöÇ /coaching-tips/baseball-tee-front-hip-contact/index.html (+5ms)
12:21:27   Γö£ΓöÇ /coaching-tips/baseball-tee-work-ages-5-7/index.html (+5ms)
12:21:27   Γö£ΓöÇ /coaching-tips/baseball-throw-on-the-run/index.html (+4ms)
12:21:27   Γö£ΓöÇ /coaching-tips/baseball-throw-strikes-target/index.html (+5ms)
12:21:27   Γö£ΓöÇ /coaching-tips/baseball-throwing-target-stations/index.html (+4ms)
12:21:27   Γö£ΓöÇ /coaching-tips/baseball-throwing-warm-up-progression/index.html (+6ms)
12:21:27   Γö£ΓöÇ /coaching-tips/baseball-top-hand-tee/index.html (+8ms)
12:21:27   Γö£ΓöÇ /coaching-tips/baseball-touch-the-corner/index.html (+5ms)
12:21:28   Γö£ΓöÇ /coaching-tips/baseball-tracking-with-tennis-ball/index.html (+6ms)
12:21:28   Γö£ΓöÇ /coaching-tips/baseball-triangle-grounder/index.html (+6ms)
12:21:28   Γö£ΓöÇ /coaching-tips/baseball-two-hands-receive/index.html (+5ms)
12:21:28   Γö£ΓöÇ /coaching-tips/baseball-two-strike-approach/index.html (+4ms)
12:21:28   Γö£ΓöÇ /coaching-tips/baseball-wall-ball/index.html (+5ms)
12:21:28   Γö£ΓöÇ /coaching-tips/basketball-1v1-on-the-wing/index.html (+5ms)
12:21:28   Γö£ΓöÇ /coaching-tips/basketball-between-the-legs-stationary/index.html (+6ms)
12:21:28   Γö£ΓöÇ /coaching-tips/basketball-block-to-block-finish/index.html (+7ms)
12:21:28   Γö£ΓöÇ /coaching-tips/basketball-bounce-pass-target/index.html (+5ms)
12:21:28   Γö£ΓöÇ /coaching-tips/basketball-bounce-pass-through-defender/index.html (+5ms)
12:21:28   Γö£ΓöÇ /coaching-tips/basketball-box-out-stance/index.html (+5ms)
12:21:28   Γö£ΓöÇ /coaching-tips/basketball-chair-passing-drill-ages-8-10/index.html (+5ms)
12:21:28   Γö£ΓöÇ /coaching-tips/basketball-change-of-pace-dribble/index.html (+5ms)
12:21:28   Γö£ΓöÇ /coaching-tips/basketball-chest-pass-to-partner/index.html (+5ms)
12:21:28   Γö£ΓöÇ /coaching-tips/basketball-closeout-drill-ages-11-12/index.html (+6ms)
12:21:28   Γö£ΓöÇ /coaching-tips/basketball-closeout-on-shooter/index.html (+5ms)
12:21:28   Γö£ΓöÇ /coaching-tips/basketball-cone-weave-dribble/index.html (+5ms)
12:21:28   Γö£ΓöÇ /coaching-tips/basketball-cookie-jar-finish/index.html (+7ms)
12:21:28   Γö£ΓöÇ /coaching-tips/basketball-crossover-stationary/index.html (+5ms)
12:21:28   Γö£ΓöÇ /coaching-tips/basketball-defensive-slides-ages-8-10/index.html (+5ms)
12:21:28   Γö£ΓöÇ /coaching-tips/basketball-defensive-stance-mirror/index.html (+5ms)
12:21:28   Γö£ΓöÇ /coaching-tips/basketball-deny-the-pass/index.html (+6ms)
12:21:28   Γö£ΓöÇ /coaching-tips/basketball-dribble-pressure-1v1/index.html (+6ms)
12:21:28   Γö£ΓöÇ /coaching-tips/basketball-dribble-tag-ages-5-7/index.html (+4ms)
12:21:28   Γö£ΓöÇ /coaching-tips/basketball-dribble-warm-up-line/index.html (+5ms)
12:21:28   Γö£ΓöÇ /coaching-tips/basketball-dynamic-stretch-circuit/index.html (+5ms)
12:21:28   Γö£ΓöÇ /coaching-tips/basketball-elbow-shooting/index.html (+4ms)
12:21:28   Γö£ΓöÇ /coaching-tips/basketball-euro-step-intro/index.html (+4ms)
12:21:28   Γö£ΓöÇ /coaching-tips/basketball-eyes-up-dribble/index.html (+4ms)
12:21:28   Γö£ΓöÇ /coaching-tips/basketball-finishing-with-contact/index.html (+5ms)
12:21:28   Γö£ΓöÇ /coaching-tips/basketball-five-out-spacing/index.html (+4ms)
12:21:28   Γö£ΓöÇ /coaching-tips/basketball-form-shooting-close-ages-5-7/index.html (+4ms)
12:21:28   Γö£ΓöÇ /coaching-tips/basketball-form-shooting-on-line/index.html (+4ms)
12:21:28   Γö£ΓöÇ /coaching-tips/basketball-form-shooting-one-foot/index.html (+6ms)
12:21:28   Γö£ΓöÇ /coaching-tips/basketball-form-shooting-warm-up/index.html (+4ms)
12:21:28   Γö£ΓöÇ /coaching-tips/basketball-free-throw-routine/index.html (+4ms)
12:21:28   Γö£ΓöÇ /coaching-tips/basketball-give-and-go-cuts/index.html (+4ms)
12:21:28   Γö£ΓöÇ /coaching-tips/basketball-help-and-recover-situational-ages-13-14/index.html (+5ms)
12:21:28   Γö£ΓöÇ /coaching-tips/basketball-help-and-recover/index.html (+4ms)
12:21:28   Γö£ΓöÇ /coaching-tips/basketball-hesitation-pull-back/index.html (+4ms)
12:21:28   Γö£ΓöÇ /coaching-tips/basketball-jump-stop-finish/index.html (+4ms)
12:21:28   Γö£ΓöÇ /coaching-tips/basketball-mikan-progression/index.html (+5ms)
12:21:28   Γö£ΓöÇ /coaching-tips/basketball-motion-offense-intro-ages-13-14/index.html (+4ms)
12:21:28   Γö£ΓöÇ /coaching-tips/basketball-overhead-pass/index.html (+4ms)
12:21:28   Γö£ΓöÇ /coaching-tips/basketball-pass-fake-then-pass/index.html (+4ms)
12:21:28   Γö£ΓöÇ /coaching-tips/basketball-pass-on-the-move/index.html (+5ms)
12:21:28   Γö£ΓöÇ /coaching-tips/basketball-pound-dribble-station/index.html (+4ms)
12:21:28   Γö£ΓöÇ /coaching-tips/basketball-rebound-and-outlet/index.html (+4ms)
12:21:28   Γö£ΓöÇ /coaching-tips/basketball-reverse-layup-intro/index.html (+5ms)
12:21:28   Γö£ΓöÇ /coaching-tips/basketball-right-and-left-layups/index.html (+4ms)
12:21:28   Γö£ΓöÇ /coaching-tips/basketball-runner-floater-shot/index.html (+4ms)
12:21:28   Γö£ΓöÇ /coaching-tips/basketball-screen-and-roll-intro/index.html (+4ms)
12:21:28   Γö£ΓöÇ /coaching-tips/basketball-shell-defense-ages-11-12/index.html (+6ms)
12:21:28   Γö£ΓöÇ /coaching-tips/basketball-shell-defense-rotations/index.html (+8ms)
12:21:28   Γö£ΓöÇ /coaching-tips/basketball-shooting-from-knee/index.html (+4ms)
12:21:28   Γö£ΓöÇ /coaching-tips/basketball-shooting-game-21/index.html (+4ms)
12:21:28   Γö£ΓöÇ /coaching-tips/basketball-shooting-off-dribble/index.html (+5ms)
12:21:28   Γö£ΓöÇ /coaching-tips/basketball-shooting-off-pass/index.html (+4ms)
12:21:28   Γö£ΓöÇ /coaching-tips/basketball-shooting-with-defender/index.html (+4ms)
12:21:28   Γö£ΓöÇ /coaching-tips/basketball-skip-pass-cross-court/index.html (+4ms)
12:21:28   Γö£ΓöÇ /coaching-tips/basketball-spacing-on-the-drive/index.html (+4ms)
12:21:28   Γö£ΓöÇ /coaching-tips/basketball-speed-dribble-full-court/index.html (+4ms)
12:21:28   Γö£ΓöÇ /coaching-tips/basketball-spot-shooting-five-spots/index.html (+4ms)
12:21:28   Γö£ΓöÇ /coaching-tips/basketball-stationary-control-dribble/index.html (+4ms)
12:21:28   Γö£ΓöÇ /coaching-tips/basketball-step-step-layup/index.html (+4ms)
12:21:28   Γö£ΓöÇ /coaching-tips/basketball-take-charge-position/index.html (+4ms)
12:21:28   Γö£ΓöÇ /coaching-tips/basketball-three-line-passing-warm-up/index.html (+4ms)
12:21:28   Γö£ΓöÇ /coaching-tips/basketball-three-on-three-rebound/index.html (+4ms)
12:21:28   Γö£ΓöÇ /coaching-tips/basketball-three-player-weave/index.html (+4ms)
12:21:28   Γö£ΓöÇ /coaching-tips/basketball-tip-drill/index.html (+4ms)
12:21:28   Γö£ΓöÇ /coaching-tips/basketball-two-ball-dribble/index.html (+4ms)
12:21:28   Γö£ΓöÇ /coaching-tips/basketball-two-line-layup-intro-ages-5-7/index.html (+4ms)
12:21:28   Γö£ΓöÇ /coaching-tips/basketball-two-line-layups-ages-8-10/index.html (+4ms)
12:21:28   Γö£ΓöÇ /coaching-tips/basketball-walking-dribble-line/index.html (+4ms)
12:21:28   Γö£ΓöÇ /coaching-tips/basketball-zigzag-defensive-slide/index.html (+3ms)
12:21:28   Γö£ΓöÇ /coaching-tips/cross-country-hill-repeats-ages-11-12/index.html (+5ms)
12:21:28   Γö£ΓöÇ /coaching-tips/cross-country-interval-work-ages-13-14/index.html (+4ms)
12:21:28   Γö£ΓöÇ /coaching-tips/cross-country-race-pace-tempo-ages-13-14/index.html (+4ms)
12:21:28   Γö£ΓöÇ /coaching-tips/flag-football-3-step-route-tree/index.html (+4ms)
12:21:28   Γö£ΓöÇ /coaching-tips/flag-football-7v7-scrimmage-ages-13-14/index.html (+5ms)
12:21:28   Γö£ΓöÇ /coaching-tips/flag-football-angle-pursuit-pull/index.html (+4ms)
12:21:28   Γö£ΓöÇ /coaching-tips/flag-football-catch-on-the-run/index.html (+4ms)
12:21:28   Γö£ΓöÇ /coaching-tips/flag-football-cone-route-stems/index.html (+4ms)
12:21:28   Γö£ΓöÇ /coaching-tips/flag-football-cut-and-juke/index.html (+6ms)
12:21:28   Γö£ΓöÇ /coaching-tips/flag-football-deep-ball-catch/index.html (+4ms)
12:21:28   Γö£ΓöÇ /coaching-tips/flag-football-defensive-contain-ages-8-10/index.html (+5ms)
12:21:28   Γö£ΓöÇ /coaching-tips/flag-football-flag-pulling-tag-drill-ages-5-7/index.html (+4ms)
12:21:28   Γö£ΓöÇ /coaching-tips/flag-football-grip-and-throw/index.html (+4ms)
12:21:28   Γö£ΓöÇ /coaching-tips/flag-football-mirror-and-pull/index.html (+6ms)
12:21:28   Γö£ΓöÇ /coaching-tips/flag-football-open-field-pull/index.html (+4ms)
12:21:28   Γö£ΓöÇ /coaching-tips/flag-football-protect-the-flag/index.html (+4ms)
12:21:28   Γö£ΓöÇ /coaching-tips/flag-football-read-option-intro-ages-11-12/index.html (+4ms)
12:21:28   Γö£ΓöÇ /coaching-tips/flag-football-route-running-on-cones-ages-5-7/index.html (+4ms)
12:21:28   Γö£ΓöÇ /coaching-tips/flag-football-screen-pass-ages-8-10/index.html (+4ms)
12:21:28   Γö£ΓöÇ /coaching-tips/flag-football-slant-route-ages-8-10/index.html (+4ms)
12:21:28   Γö£ΓöÇ /coaching-tips/flag-football-spread-and-find-space/index.html (+4ms)
12:21:28   Γö£ΓöÇ /coaching-tips/flag-football-stationary-catch/index.html (+4ms)
12:21:28   Γö£ΓöÇ /coaching-tips/flag-football-stiff-arm-vs-defender/index.html (+4ms)
12:21:28   Γö£ΓöÇ /coaching-tips/flag-football-tag-and-pull-game/index.html (+4ms)
12:21:28   Γö£ΓöÇ /coaching-tips/flag-football-throw-on-the-run/index.html (+4ms)
12:21:28   Γö£ΓöÇ /coaching-tips/flag-football-zone-vs-man-recognition-ages-11-12/index.html (+4ms)
12:21:28   Γö£ΓöÇ /coaching-tips/hockey-1on1-forecheck-ages-11-12/index.html (+4ms)
12:21:28   Γö£ΓöÇ /coaching-tips/hockey-1v1-gap-control/index.html (+4ms)
12:21:28   Γö£ΓöÇ /coaching-tips/hockey-1v1-stick-protect/index.html (+4ms)
12:21:28   Γö£ΓöÇ /coaching-tips/hockey-backward-skating/index.html (+4ms)
12:21:28   Γö£ΓöÇ /coaching-tips/hockey-breakout-patterns-ages-11-12/index.html (+4ms)
12:21:28   Γö£ΓöÇ /coaching-tips/hockey-c-cuts-forward/index.html (+4ms)
12:21:28   Γö£ΓöÇ /coaching-tips/hockey-crossovers-clockwise/index.html (+4ms)
12:21:28   Γö£ΓöÇ /coaching-tips/hockey-edge-work-ages-8-10/index.html (+4ms)
12:21:28   Γö£ΓöÇ /coaching-tips/hockey-figure-eight-cones/index.html (+4ms)
12:21:28   Γö£ΓöÇ /coaching-tips/hockey-give-and-go/index.html (+4ms)
12:21:28   Γö£ΓöÇ /coaching-tips/hockey-glide-on-two-feet/index.html (+4ms)
12:21:28   Γö£ΓöÇ /coaching-tips/hockey-goalie-glove-and-blocker-saves/index.html (+5ms)
12:21:28   Γö£ΓöÇ /coaching-tips/hockey-goalie-stance-and-shuffle/index.html (+5ms)
12:21:28   Γö£ΓöÇ /coaching-tips/hockey-march-on-skates/index.html (+6ms)
12:21:28   Γö£ΓöÇ /coaching-tips/hockey-mohawk-turn/index.html (+5ms)
12:21:28   Γö£ΓöÇ /coaching-tips/hockey-one-timer-intro/index.html (+4ms)
12:21:28   Γö£ΓöÇ /coaching-tips/hockey-partner-passing-ages-8-10/index.html (+6ms)
12:21:28   Γö£ΓöÇ /coaching-tips/hockey-pass-on-the-move/index.html (+5ms)
12:21:28   Γö£ΓöÇ /coaching-tips/hockey-power-strides-ages-5-7/index.html (+4ms)
12:21:28   Γö£ΓöÇ /coaching-tips/hockey-saucer-pass-intro/index.html (+5ms)
12:21:28   Γö£ΓöÇ /coaching-tips/hockey-shooting-on-the-move/index.html (+4ms)
12:21:28   Γö£ΓöÇ /coaching-tips/hockey-snap-shot-intro/index.html (+6ms)
12:21:28   Γö£ΓöÇ /coaching-tips/hockey-stationary-pass-target/index.html (+4ms)
12:21:28   Γö£ΓöÇ /coaching-tips/hockey-stick-handle-while-skating/index.html (+4ms)
12:21:28   Γö£ΓöÇ /coaching-tips/hockey-stick-handling-cones-ages-5-7/index.html (+5ms)
12:21:28   Γö£ΓöÇ /coaching-tips/hockey-stick-on-puck-poke-check/index.html (+4ms)
12:21:28   Γö£ΓöÇ /coaching-tips/hockey-stop-and-go/index.html (+4ms)
12:21:28   Γö£ΓöÇ /coaching-tips/hockey-tap-tap-stick-handle/index.html (+4ms)
12:21:28   Γö£ΓöÇ /coaching-tips/hockey-tight-turns/index.html (+4ms)
12:21:28   Γö£ΓöÇ /coaching-tips/hockey-toe-drag-intro/index.html (+5ms)
12:21:28   Γö£ΓöÇ /coaching-tips/hockey-wrist-shot-stationary/index.html (+5ms)
12:21:28   Γö£ΓöÇ /coaching-tips/lacrosse-boys-1v1-ground-ball-battle/index.html (+4ms)
12:21:28   Γö£ΓöÇ /coaching-tips/lacrosse-boys-1v1-take-away-check/index.html (+5ms)
12:21:28   Γö£ΓöÇ /coaching-tips/lacrosse-boys-catch-on-the-run/index.html (+4ms)
12:21:28   Γö£ΓöÇ /coaching-tips/lacrosse-boys-catch-over-shoulder/index.html (+5ms)
12:21:28   Γö£ΓöÇ /coaching-tips/lacrosse-boys-catch-with-soft-hands/index.html (+5ms)
12:21:28   Γö£ΓöÇ /coaching-tips/lacrosse-boys-clearing-pattern-ages-13-14/index.html (+4ms)
12:21:28   Γö£ΓöÇ /coaching-tips/lacrosse-boys-cradle-on-the-run/index.html (+4ms)
12:21:28   Γö£ΓöÇ /coaching-tips/lacrosse-boys-cradle-stationary/index.html (+4ms)
12:21:28   Γö£ΓöÇ /coaching-tips/lacrosse-boys-cradle-with-pressure/index.html (+5ms)
12:21:28   Γö£ΓöÇ /coaching-tips/lacrosse-boys-cradling-on-the-move-ages-8-10/index.html (+4ms)
12:21:28   Γö£ΓöÇ /coaching-tips/lacrosse-boys-face-off-intro-ages-11-12/index.html (+4ms)
12:21:28   Γö£ΓöÇ /coaching-tips/lacrosse-boys-give-and-go-pass/index.html (+5ms)
12:21:28   Γö£ΓöÇ /coaching-tips/lacrosse-boys-goalie-stance-arc/index.html (+7ms)
12:21:28   Γö£ΓöÇ /coaching-tips/lacrosse-boys-ground-ball-scoop-battles-ages-11-12/index.html (+4ms)
12:21:28   Γö£ΓöÇ /coaching-tips/lacrosse-boys-pass-on-the-move/index.html (+4ms)
12:21:28   Γö£ΓöÇ /coaching-tips/lacrosse-boys-quick-stick-pass/index.html (+5ms)
12:21:28   Γö£ΓöÇ /coaching-tips/lacrosse-boys-riding-pressure-ages-13-14/index.html (+4ms)
12:21:28   Γö£ΓöÇ /coaching-tips/lacrosse-boys-scoop-on-the-run/index.html (+4ms)
12:21:28   Γö£ΓöÇ /coaching-tips/lacrosse-boys-shot-from-x/index.html (+4ms)
12:21:28   Γö£ΓöÇ /coaching-tips/lacrosse-boys-shot-on-cones-stationary/index.html (+6ms)
12:21:28   Γö£ΓöÇ /coaching-tips/lacrosse-boys-stationary-pass-partner/index.html (+4ms)
12:21:28   Γö£ΓöÇ /coaching-tips/lacrosse-boys-stationary-scoop/index.html (+4ms)
12:21:28   Γö£ΓöÇ /coaching-tips/lacrosse-boys-stick-position-defense/index.html (+4ms)
12:21:28   Γö£ΓöÇ /coaching-tips/lacrosse-boys-time-and-room-shot/index.html (+6ms)
12:21:28   Γö£ΓöÇ /coaching-tips/lacrosse-boys-two-line-passing-ages-8-10/index.html (+5ms)
12:21:28   Γö£ΓöÇ /coaching-tips/lacrosse-boys-walk-and-cradle/index.html (+4ms)
12:21:28   Γö£ΓöÇ /coaching-tips/lacrosse-clearing-pattern-ages-13-14/index.html (+4ms)
12:21:28   Γö£ΓöÇ /coaching-tips/lacrosse-cradling-on-the-move-ages-8-10/index.html (+4ms)
12:21:28   Γö£ΓöÇ /coaching-tips/lacrosse-face-off-intro-ages-11-12/index.html (+4ms)
12:21:28   Γö£ΓöÇ /coaching-tips/lacrosse-girls-1v1-ground-ball-battle/index.html (+4ms)
12:21:28   Γö£ΓöÇ /coaching-tips/lacrosse-girls-1v1-take-away-check/index.html (+5ms)
12:21:28   Γö£ΓöÇ /coaching-tips/lacrosse-girls-catch-on-the-run/index.html (+4ms)
12:21:28   Γö£ΓöÇ /coaching-tips/lacrosse-girls-catch-over-shoulder/index.html (+4ms)
12:21:28   Γö£ΓöÇ /coaching-tips/lacrosse-girls-catch-with-soft-hands/index.html (+4ms)
12:21:28   Γö£ΓöÇ /coaching-tips/lacrosse-girls-clearing-pattern-ages-13-14/index.html (+5ms)
12:21:28   Γö£ΓöÇ /coaching-tips/lacrosse-girls-cradle-on-the-run/index.html (+4ms)
12:21:28   Γö£ΓöÇ /coaching-tips/lacrosse-girls-cradle-stationary/index.html (+4ms)
12:21:28   Γö£ΓöÇ /coaching-tips/lacrosse-girls-cradle-with-pressure/index.html (+4ms)
12:21:28   Γö£ΓöÇ /coaching-tips/lacrosse-girls-cradling-on-the-move-ages-8-10/index.html (+5ms)
12:21:28   Γö£ΓöÇ /coaching-tips/lacrosse-girls-face-off-intro-ages-11-12/index.html (+5ms)
12:21:28   Γö£ΓöÇ /coaching-tips/lacrosse-girls-give-and-go-pass/index.html (+5ms)
12:21:28   Γö£ΓöÇ /coaching-tips/lacrosse-girls-goalie-stance-arc/index.html (+6ms)
12:21:28   Γö£ΓöÇ /coaching-tips/lacrosse-girls-ground-ball-scoop-battles-ages-11-12/index.html (+5ms)
12:21:28   Γö£ΓöÇ /coaching-tips/lacrosse-girls-pass-on-the-move/index.html (+4ms)
12:21:28   Γö£ΓöÇ /coaching-tips/lacrosse-girls-quick-stick-pass/index.html (+6ms)
12:21:28   Γö£ΓöÇ /coaching-tips/lacrosse-girls-riding-pressure-ages-13-14/index.html (+5ms)
12:21:28   Γö£ΓöÇ /coaching-tips/lacrosse-girls-scoop-on-the-run/index.html (+4ms)
12:21:28   Γö£ΓöÇ /coaching-tips/lacrosse-girls-shot-from-x/index.html (+4ms)
12:21:28   Γö£ΓöÇ /coaching-tips/lacrosse-girls-shot-on-cones-stationary/index.html (+6ms)
12:21:28   Γö£ΓöÇ /coaching-tips/lacrosse-girls-stationary-pass-partner/index.html (+4ms)
12:21:28   Γö£ΓöÇ /coaching-tips/lacrosse-girls-stationary-scoop/index.html (+4ms)
12:21:28   Γö£ΓöÇ /coaching-tips/lacrosse-girls-stick-position-defense/index.html (+6ms)
12:21:28   Γö£ΓöÇ /coaching-tips/lacrosse-girls-time-and-room-shot/index.html (+4ms)
12:21:28   Γö£ΓöÇ /coaching-tips/lacrosse-girls-two-line-passing-ages-8-10/index.html (+5ms)
12:21:28   Γö£ΓöÇ /coaching-tips/lacrosse-girls-walk-and-cradle/index.html (+4ms)
12:21:28   Γö£ΓöÇ /coaching-tips/lacrosse-ground-ball-scoop-battles-ages-11-12/index.html (+5ms)
12:21:28   Γö£ΓöÇ /coaching-tips/lacrosse-riding-pressure-ages-13-14/index.html (+4ms)
12:21:28   Γö£ΓöÇ /coaching-tips/lacrosse-two-line-passing-ages-8-10/index.html (+5ms)
12:21:28   Γö£ΓöÇ /coaching-tips/multi-sport-4-minute-game-warm-up-all-ages/index.html (+5ms)
12:21:28   Γö£ΓöÇ /coaching-tips/multi-sport-post-practice-huddle-all-ages/index.html (+4ms)
12:21:28   Γö£ΓöÇ /coaching-tips/multi-sport-practice-ending-culture-moment-ages-5-7/index.html (+4ms)
12:21:28   Γö£ΓöÇ /coaching-tips/multi-sport-scrimmage-rule-keep-it-fun-all-ages/index.html (+4ms)
12:21:28   Γö£ΓöÇ /coaching-tips/multi-sport-water-break-management-all-ages/index.html (+4ms)
12:21:28   Γö£ΓöÇ /coaching-tips/soccer-1v1-defending-channel/index.html (+4ms)
12:21:28   Γö£ΓöÇ /coaching-tips/soccer-1v1-finishing-on-keeper/index.html (+4ms)
12:21:28   Γö£ΓöÇ /coaching-tips/soccer-1v1-shielding/index.html (+4ms)
12:21:28   Γö£ΓöÇ /coaching-tips/soccer-1v1-to-a-goal-ages-8-10/index.html (+4ms)
12:21:28   Γö£ΓöÇ /coaching-tips/soccer-2v1-defending/index.html (+4ms)
12:21:28   Γö£ΓöÇ /coaching-tips/soccer-attacking-1v1-on-cones/index.html (+4ms)
12:21:28   Γö£ΓöÇ /coaching-tips/soccer-attacking-diamond-ages-11-12/index.html (+4ms)
12:21:28   Γö£ΓöÇ /coaching-tips/soccer-attacking-heading-on-goal/index.html (+4ms)
12:21:28   Γö£ΓöÇ /coaching-tips/soccer-chest-trap-from-toss/index.html (+4ms)
12:21:28   Γö£ΓöÇ /coaching-tips/soccer-circle-passing/index.html (+4ms)
12:21:28   Γö£ΓöÇ /coaching-tips/soccer-cone-slalom-dribble/index.html (+4ms)
12:21:28   Γö£ΓöÇ /coaching-tips/soccer-corner-kick-near-post/index.html (+3ms)
12:21:28   Γö£ΓöÇ /coaching-tips/soccer-cushion-the-ball/index.html (+4ms)
12:21:28   Γö£ΓöÇ /coaching-tips/soccer-defending-shape-ages-11-12/index.html (+5ms)
12:21:28   Γö£ΓöÇ /coaching-tips/soccer-defensive-heading/index.html (+7ms)
12:21:28   Γö£ΓöÇ /coaching-tips/soccer-defensive-shape-recovery/index.html (+5ms)
12:21:28   Γö£ΓöÇ /coaching-tips/soccer-driven-pass-vs-inside/index.html (+5ms)
12:21:28   Γö£ΓöÇ /coaching-tips/soccer-dynamic-with-ball-warm-up/index.html (+5ms)
12:21:28   Γö£ΓöÇ /coaching-tips/soccer-figure-eight-dribble/index.html (+4ms)
12:21:28   Γö£ΓöÇ /coaching-tips/soccer-finishing-after-pass/index.html (+5ms)
12:21:28   Γö£ΓöÇ /coaching-tips/soccer-finishing-reps-ages-13-14/index.html (+4ms)
12:21:28   Γö£ΓöÇ /coaching-tips/soccer-first-touch-into-space/index.html (+4ms)
12:21:28   Γö£ΓöÇ /coaching-tips/soccer-four-corner-passing-ages-8-10/index.html (+4ms)
12:21:28   Γö£ΓöÇ /coaching-tips/soccer-free-kick-wall-and-runner/index.html (+4ms)
12:21:28   Γö£ΓöÇ /coaching-tips/soccer-gates-dribbling-ages-5-7/index.html (+3ms)
12:21:28   Γö£ΓöÇ /coaching-tips/soccer-give-and-go-with-partner/index.html (+3ms)
12:21:28   Γö£ΓöÇ /coaching-tips/soccer-heading-from-partner-toss/index.html (+4ms)
12:21:29   Γö£ΓöÇ /coaching-tips/soccer-heading-from-self-toss/index.html (+6ms)
12:21:29   Γö£ΓöÇ /coaching-tips/soccer-high-press-triggers-ages-13-14/index.html (+5ms)
12:21:29   Γö£ΓöÇ /coaching-tips/soccer-inside-outside-touch/index.html (+4ms)
12:21:29   Γö£ΓöÇ /coaching-tips/soccer-jockey-the-attacker/index.html (+4ms)
12:21:29   Γö£ΓöÇ /coaching-tips/soccer-juggling-ladder/index.html (+5ms)
12:21:29   Γö£ΓöÇ /coaching-tips/soccer-keeper-1v1-breakaway/index.html (+4ms)
12:21:29   Γö£ΓöÇ /coaching-tips/soccer-keeper-catch-at-chest/index.html (+3ms)
12:21:29   Γö£ΓöÇ /coaching-tips/soccer-keeper-distribution-throw/index.html (+4ms)
12:21:29   Γö£ΓöÇ /coaching-tips/soccer-keeper-diving-to-side/index.html (+5ms)
12:21:29   Γö£ΓöÇ /coaching-tips/soccer-keeper-low-roll-pickup/index.html (+4ms)
12:21:29   Γö£ΓöÇ /coaching-tips/soccer-keeper-w-stance/index.html (+3ms)
12:21:29   Γö£ΓöÇ /coaching-tips/soccer-laces-shot-progression/index.html (+4ms)
12:21:29   Γö£ΓöÇ /coaching-tips/soccer-mirror-the-attacker/index.html (+4ms)
12:21:29   Γö£ΓöÇ /coaching-tips/soccer-no-bunching-drill-ages-8-10/index.html (+4ms)
12:21:29   Γö£ΓöÇ /coaching-tips/soccer-numbered-passing-3v0/index.html (+4ms)
12:21:29   Γö£ΓöÇ /coaching-tips/soccer-overlapping-runs/index.html (+4ms)
12:21:29   Γö£ΓöÇ /coaching-tips/soccer-pass-and-move/index.html (+5ms)
12:21:29   Γö£ΓöÇ /coaching-tips/soccer-possession-7v7-ages-13-14/index.html (+4ms)
12:21:29   Γö£ΓöÇ /coaching-tips/soccer-pressure-cover-balance/index.html (+4ms)
12:21:29   Γö£ΓöÇ /coaching-tips/soccer-quick-change-direction/index.html (+4ms)
12:21:29   Γö£ΓöÇ /coaching-tips/soccer-rebound-shooting/index.html (+5ms)
12:21:29   Γö£ΓöÇ /coaching-tips/soccer-receive-and-turn/index.html (+4ms)
12:21:29   Γö£ΓöÇ /coaching-tips/soccer-red-light-green-light-ages-5-7/index.html (+3ms)
12:21:29   Γö£ΓöÇ /coaching-tips/soccer-rondo-3v1/index.html (+4ms)
12:21:29   Γö£ΓöÇ /coaching-tips/soccer-rondo-ages-11-12/index.html (+5ms)
12:21:29   Γö£ΓöÇ /coaching-tips/soccer-set-piece-basics-ages-11-12/index.html (+4ms)
12:21:29   Γö£ΓöÇ /coaching-tips/soccer-shape-and-spacing/index.html (+4ms)
12:21:29   Γö£ΓöÇ /coaching-tips/soccer-sharks-and-minnows-ages-5-7/index.html (+4ms)
12:21:29   Γö£ΓöÇ /coaching-tips/soccer-shoelace-touches/index.html (+5ms)
12:21:29   Γö£ΓöÇ /coaching-tips/soccer-shoot-from-the-dribble/index.html (+4ms)
12:21:29   Γö£ΓöÇ /coaching-tips/soccer-shoot-the-cone/index.html (+4ms)
12:21:29   Γö£ΓöÇ /coaching-tips/soccer-shooting-stations/index.html (+4ms)
12:21:29   Γö£ΓöÇ /coaching-tips/soccer-simple-two-cone-passing-ages-5-7/index.html (+5ms)
12:21:29   Γö£ΓöÇ /coaching-tips/soccer-stationary-shot-on-goal/index.html (+4ms)
12:21:29   Γö£ΓöÇ /coaching-tips/soccer-stay-between-ball-and-goal/index.html (+4ms)
12:21:29   Γö£ΓöÇ /coaching-tips/soccer-stay-in-your-zone/index.html (+4ms)
12:21:29   Γö£ΓöÇ /coaching-tips/soccer-stay-on-feet-no-dive/index.html (+5ms)
12:21:29   Γö£ΓöÇ /coaching-tips/soccer-step-and-tackle/index.html (+5ms)
12:21:29   Γö£ΓöÇ /coaching-tips/soccer-stop-and-go-dribble/index.html (+4ms)
12:21:29   Γö£ΓöÇ /coaching-tips/soccer-stop-the-ball-pass/index.html (+4ms)
12:21:29   Γö£ΓöÇ /coaching-tips/soccer-stop-the-roll/index.html (+6ms)
12:21:29   Γö£ΓöÇ /coaching-tips/soccer-take-on-defender-cone/index.html (+4ms)
12:21:29   Γö£ΓöÇ /coaching-tips/soccer-tap-and-run/index.html (+4ms)
12:21:29   Γö£ΓöÇ /coaching-tips/soccer-thigh-trap-with-toss/index.html (+4ms)
12:21:29   Γö£ΓöÇ /coaching-tips/soccer-three-player-passing-triangle/index.html (+4ms)
12:21:29   Γö£ΓöÇ /coaching-tips/soccer-throw-in-toss-ages-8-10/index.html (+5ms)
12:21:29   Γö£ΓöÇ /coaching-tips/soccer-two-cone-pass-back-and-forth/index.html (+4ms)
12:21:29   Γö£ΓöÇ /coaching-tips/soccer-wall-passing-against-wall/index.html (+6ms)
12:21:29   Γö£ΓöÇ /coaching-tips/softball-advanced-situational-ages-13-14/index.html (+5ms)
12:21:29   Γö£ΓöÇ /coaching-tips/softball-backhand-pickup/index.html (+5ms)
12:21:29   Γö£ΓöÇ /coaching-tips/softball-bare-hand-rolls/index.html (+6ms)
12:21:29   Γö£ΓöÇ /coaching-tips/softball-base-running-ages-5-7/index.html (+7ms)
12:21:29   Γö£ΓöÇ /coaching-tips/softball-baserunning-leadoffs-ages-11-12/index.html (+4ms)
12:21:29   Γö£ΓöÇ /coaching-tips/softball-bent-leg-slide/index.html (+6ms)
12:21:29   Γö£ΓöÇ /coaching-tips/softball-bottom-hand-tee/index.html (+5ms)
12:21:29   Γö£ΓöÇ /coaching-tips/softball-catcher-blocking/index.html (+5ms)
12:21:29   Γö£ΓöÇ /coaching-tips/softball-charge-the-ball/index.html (+5ms)
12:21:29   Γö£ΓöÇ /coaching-tips/softball-coach-front-toss/index.html (+5ms)
12:21:29   Γö£ΓöÇ /coaching-tips/softball-cone-funnel-grounder/index.html (+6ms)
12:21:29   Γö£ΓöÇ /coaching-tips/softball-cover-first-on-bunt/index.html (+6ms)
12:21:29   Γö£ΓöÇ /coaching-tips/softball-cross-field-relay/index.html (+6ms)
12:21:29   Γö£ΓöÇ /coaching-tips/softball-cutoff-positioning/index.html (+5ms)
12:21:29   Γö£ΓöÇ /coaching-tips/softball-double-play-finish-ages-13-14/index.html (+7ms)
12:21:29   Γö£ΓöÇ /coaching-tips/softball-dynamic-warm-up-circuit/index.html (+5ms)
12:21:29   Γö£ΓöÇ /coaching-tips/softball-fielding-stance-ages-5-7/index.html (+5ms)
12:21:29   Γö£ΓöÇ /coaching-tips/softball-flat-ground-rollers/index.html (+6ms)
12:21:29   Γö£ΓöÇ /coaching-tips/softball-fly-ball-drop-step/index.html (+5ms)
12:21:29   Γö£ΓöÇ /coaching-tips/softball-overhand-batting-practice/index.html (+4ms)
12:21:29   Γö£ΓöÇ /coaching-tips/softball-overhand-toss-partner/index.html (+5ms)
12:21:29   Γö£ΓöÇ /coaching-tips/softball-pop-up-communication-ages-8-10/index.html (+4ms)
12:21:29   Γö£ΓöÇ /coaching-tips/softball-rounding-the-base/index.html (+6ms)
12:21:29   Γö£ΓöÇ /coaching-tips/softball-run-through-first/index.html (+8ms)
12:21:29   Γö£ΓöÇ /coaching-tips/softball-rundown-cover-base/index.html (+10ms)
12:21:29   Γö£ΓöÇ /coaching-tips/softball-self-toss-catch/index.html (+11ms)
12:21:29   Γö£ΓöÇ /coaching-tips/softball-short-hop-fielding/index.html (+10ms)
12:21:29   Γö£ΓöÇ /coaching-tips/softball-shuffle-throw/index.html (+15ms)
12:21:29   Γö£ΓöÇ /coaching-tips/softball-slap-bunt-progression/index.html (+6ms)
12:21:29   Γö£ΓöÇ /coaching-tips/softball-slap-bunting-intro-ages-8-10/index.html (+8ms)
12:21:29   Γö£ΓöÇ /coaching-tips/softball-soft-toss-side/index.html (+56ms)
12:21:29   Γö£ΓöÇ /coaching-tips/softball-stance-and-load/index.html (+14ms)
12:21:29   Γö£ΓöÇ /coaching-tips/softball-step-and-throw/index.html (+11ms)
12:21:29   Γö£ΓöÇ /coaching-tips/softball-tag-up-on-fly/index.html (+9ms)
12:21:29   Γö£ΓöÇ /coaching-tips/softball-target-bucket-throw/index.html (+7ms)
12:21:29   Γö£ΓöÇ /coaching-tips/softball-tee-belly-button/index.html (+7ms)
12:21:29   Γö£ΓöÇ /coaching-tips/softball-tee-front-hip/index.html (+11ms)
12:21:29   Γö£ΓöÇ /coaching-tips/softball-tee-work-ages-5-7/index.html (+9ms)
12:21:29   Γö£ΓöÇ /coaching-tips/softball-throw-and-catch-ladder-ages-8-10/index.html (+10ms)
12:21:29   Γö£ΓöÇ /coaching-tips/softball-throw-on-the-run/index.html (+9ms)
12:21:29   Γö£ΓöÇ /coaching-tips/softball-throwing-warm-up-progression/index.html (+10ms)
12:21:29   Γö£ΓöÇ /coaching-tips/softball-touch-the-corner/index.html (+10ms)
12:21:29   Γö£ΓöÇ /coaching-tips/softball-triangle-grounder/index.html (+11ms)
12:21:29   Γö£ΓöÇ /coaching-tips/softball-two-hands-receive/index.html (+11ms)
12:21:29   Γö£ΓöÇ /coaching-tips/softball-wall-ball/index.html (+8ms)
12:21:29   Γö£ΓöÇ /coaching-tips/softball-windmill-arm-circle/index.html (+10ms)
12:21:29   Γö£ΓöÇ /coaching-tips/softball-windmill-changeup-grip/index.html (+11ms)
12:21:29   Γö£ΓöÇ /coaching-tips/softball-windmill-pitching-warm-up-ages-11-12/index.html (+15ms)
12:21:29   Γö£ΓöÇ /coaching-tips/softball-windmill-stride/index.html (+34ms)
12:21:29   Γö£ΓöÇ /coaching-tips/softball-windmill-throw-strikes/index.html (+15ms)
12:21:29   Γö£ΓöÇ /coaching-tips/swimming-backstroke-arm-stroke/index.html (+12ms)
12:21:29   Γö£ΓöÇ /coaching-tips/swimming-backstroke-kick-on-back/index.html (+19ms)
12:21:29   Γö£ΓöÇ /coaching-tips/swimming-breaststroke-kick-pull/index.html (+10ms)
12:21:29   Γö£ΓöÇ /coaching-tips/swimming-breaststroke-pull-glide/index.html (+8ms)
12:21:29   Γö£ΓöÇ /coaching-tips/swimming-butterfly-kick-with-board/index.html (+9ms)
12:21:29   Γö£ΓöÇ /coaching-tips/swimming-catch-up-freestyle-ages-8-10/index.html (+11ms)
12:21:29   Γö£ΓöÇ /coaching-tips/swimming-flip-turn-progression/index.html (+13ms)
12:21:29   Γö£ΓöÇ /coaching-tips/swimming-freestyle-arm-stroke/index.html (+9ms)
12:21:29   Γö£ΓöÇ /coaching-tips/swimming-freestyle-bilateral-breathing/index.html (+11ms)
12:21:29   Γö£ΓöÇ /coaching-tips/swimming-freestyle-kick-on-board/index.html (+11ms)
12:21:29   Γö£ΓöÇ /coaching-tips/swimming-interval-set-4x50-ages-11-12/index.html (+10ms)
12:21:29   Γö£ΓöÇ /coaching-tips/swimming-kickboard-flutter-ages-5-7/index.html (+15ms)
12:21:29   Γö£ΓöÇ /coaching-tips/swimming-side-breathing-rhythm/index.html (+13ms)
12:21:29   Γö£ΓöÇ /coaching-tips/t-ball-cones-positions/index.html (+6ms)
12:21:29   Γö£ΓöÇ /coaching-tips/tackle-football-2-point-stance/index.html (+9ms)
12:21:29   Γö£ΓöÇ /coaching-tips/tackle-football-3-point-stance-ages-8-10/index.html (+8ms)
12:21:29   Γö£ΓöÇ /coaching-tips/tackle-football-3-point-stance/index.html (+12ms)
12:21:29   Γö£ΓöÇ /coaching-tips/tackle-football-angle-tackle/index.html (+7ms)
12:21:29   Γö£ΓöÇ /coaching-tips/tackle-football-bag-tackle-progression/index.html (+9ms)
12:21:29   Γö£ΓöÇ /coaching-tips/tackle-football-ball-protection-tunnel/index.html (+6ms)
12:21:29   Γö£ΓöÇ /coaching-tips/tackle-football-ball-security-grip/index.html (+8ms)
12:21:29   Γö£ΓöÇ /coaching-tips/tackle-football-base-block/index.html (+8ms)
12:21:29   Γö£ΓöÇ /coaching-tips/tackle-football-block-shed-drill-ages-11-12/index.html (+8ms)
12:21:29   Γö£ΓöÇ /coaching-tips/tackle-football-blocking-mirror/index.html (+9ms)
12:21:29   Γö£ΓöÇ /coaching-tips/tackle-football-catch-and-tuck/index.html (+8ms)
12:21:29   Γö£ΓöÇ /coaching-tips/tackle-football-catch-on-the-line/index.html (+9ms)
12:21:29   Γö£ΓöÇ /coaching-tips/tackle-football-contested-catch/index.html (+8ms)
12:21:29   Γö£ΓöÇ /coaching-tips/tackle-football-defensive-shed-ages-13-14/index.html (+7ms)
12:21:29   Γö£ΓöÇ /coaching-tips/tackle-football-drive-block-on-bag/index.html (+10ms)
12:21:29   Γö£ΓöÇ /coaching-tips/tackle-football-form-tackling-on-a-bag-ages-8-10/index.html (+8ms)
12:21:29   Γö£ΓöÇ /coaching-tips/tackle-football-handoff-progression/index.html (+9ms)
12:21:29   Γö£ΓöÇ /coaching-tips/tackle-football-near-shoulder-fit/index.html (+9ms)
12:21:30   Γö£ΓöÇ /coaching-tips/tackle-football-open-field-tackle/index.html (+8ms)
12:21:30   Γö£ΓöÇ /coaching-tips/tackle-football-out-route-on-cone/index.html (+8ms)
12:21:30   Γö£ΓöÇ /coaching-tips/tackle-football-over-the-shoulder-catch/index.html (+7ms)
12:21:30   Γö£ΓöÇ /coaching-tips/tackle-football-pass-protection/index.html (+9ms)
12:21:30   Γö£ΓöÇ /coaching-tips/tackle-football-profile-and-fit/index.html (+9ms)
12:21:30   Γö£ΓöÇ /coaching-tips/tackle-football-pull-and-block/index.html (+13ms)
12:21:30   Γö£ΓöÇ /coaching-tips/tackle-football-qb-drop-back-throw/index.html (+7ms)
12:21:30   Γö£ΓöÇ /coaching-tips/tackle-football-qb-grip-and-throw/index.html (+10ms)
12:21:30   Γö£ΓöÇ /coaching-tips/tackle-football-route-tree-intro-ages-11-12/index.html (+9ms)
12:21:30   Γö£ΓöÇ /coaching-tips/tackle-football-route-tree-stems/index.html (+9ms)
12:21:30   Γö£ΓöÇ /coaching-tips/tackle-football-running-back-cuts/index.html (+9ms)
12:21:30   Γö£ΓöÇ /coaching-tips/tackle-football-running-back-footwork-ages-13-14/index.html (+9ms)
12:21:30   Γö£ΓöÇ /coaching-tips/tackle-football-stance-and-sprint/index.html (+10ms)
12:21:30   Γö£ΓöÇ /coaching-tips/tennis-backhand-from-feed/index.html (+7ms)
12:21:30   Γö£ΓöÇ /coaching-tips/tennis-consistency-rally-to-25-ages-11-12/index.html (+8ms)
12:21:30   Γö£ΓöÇ /coaching-tips/tennis-forehand-cross-court-target/index.html (+8ms)
12:21:30   Γö£ΓöÇ /coaching-tips/tennis-forehand-from-bounce-feed/index.html (+8ms)
12:21:30   Γö£ΓöÇ /coaching-tips/tennis-rally-to-10/index.html (+7ms)
12:21:30   Γö£ΓöÇ /coaching-tips/tennis-red-ball-groundstroke-rally-ages-5-7/index.html (+6ms)
12:21:30   Γö£ΓöÇ /coaching-tips/tennis-serve-full-motion/index.html (+8ms)
12:21:30   Γö£ΓöÇ /coaching-tips/tennis-serve-toss-only/index.html (+8ms)
12:21:30   Γö£ΓöÇ /coaching-tips/tennis-shadow-forehand-no-ball/index.html (+8ms)
12:21:30   Γö£ΓöÇ /coaching-tips/tennis-split-step-footwork/index.html (+8ms)
12:21:30   Γö£ΓöÇ /coaching-tips/tennis-target-hitting-at-corners-ages-8-10/index.html (+6ms)
12:21:30   Γö£ΓöÇ /coaching-tips/tennis-two-handed-backhand-shadow/index.html (+7ms)
12:21:30   Γö£ΓöÇ /coaching-tips/tennis-volley-at-net/index.html (+8ms)
12:21:30   Γö£ΓöÇ /coaching-tips/track-1-minute-on-1-minute-off/index.html (+8ms)
12:21:30   Γö£ΓöÇ /coaching-tips/track-200m-repeats/index.html (+8ms)
12:21:30   Γö£ΓöÇ /coaching-tips/track-arm-swing-form/index.html (+6ms)
12:21:30   Γö£ΓöÇ /coaching-tips/track-block-start-ages-13-14/index.html (+8ms)
12:21:30   Γö£ΓöÇ /coaching-tips/track-block-start-progression/index.html (+8ms)
12:21:30   Γö£ΓöÇ /coaching-tips/track-even-pace-200m/index.html (+8ms)
12:21:30   Γö£ΓöÇ /coaching-tips/track-interval-ladder-ages-11-12/index.html (+7ms)
12:21:30   Γö£ΓöÇ /coaching-tips/track-knee-drive-form/index.html (+8ms)
12:21:30   Γö£ΓöÇ /coaching-tips/track-long-jump-approach-ages-13-14/index.html (+10ms)
12:21:30   Γö£ΓöÇ /coaching-tips/track-long-jump-approach-progression/index.html (+9ms)
12:21:30   Γö£ΓöÇ /coaching-tips/track-negative-split-run/index.html (+11ms)
12:21:30   Γö£ΓöÇ /coaching-tips/track-shot-put-glide-intro-ages-13-14/index.html (+12ms)
12:21:30   Γö£ΓöÇ /coaching-tips/track-three-point-start/index.html (+9ms)
12:21:30   Γö£ΓöÇ /coaching-tips/volleyball-3-step-approach-no-ball/index.html (+13ms)
12:21:30   Γö£ΓöÇ /coaching-tips/volleyball-6v6-controlled-scrimmage-ages-13-14/index.html (+10ms)
12:21:30   Γö£ΓöÇ /coaching-tips/volleyball-approach-and-spike-off-set/index.html (+6ms)
12:21:30   Γö£ΓöÇ /coaching-tips/volleyball-approach-and-tip/index.html (+8ms)
12:21:30   Γö£ΓöÇ /coaching-tips/volleyball-approach-footwork-ages-11-12/index.html (+8ms)
12:21:30   Γö£ΓöÇ /coaching-tips/volleyball-back-set-progression/index.html (+8ms)
12:21:30   Γö£ΓöÇ /coaching-tips/volleyball-block-and-cover-ages-13-14/index.html (+8ms)
12:21:30   Γö£ΓöÇ /coaching-tips/volleyball-block-and-cover-game/index.html (+9ms)
12:21:30   Γö£ΓöÇ /coaching-tips/volleyball-block-jump-vs-net/index.html (+9ms)
12:21:30   Γö£ΓöÇ /coaching-tips/volleyball-bump-against-wall/index.html (+9ms)
12:21:30   Γö£ΓöÇ /coaching-tips/volleyball-bump-on-the-move/index.html (+8ms)
12:21:30   Γö£ΓöÇ /coaching-tips/volleyball-defensive-stance/index.html (+8ms)
12:21:30   Γö£ΓöÇ /coaching-tips/volleyball-dig-from-coach-toss/index.html (+7ms)
12:21:30   Γö£ΓöÇ /coaching-tips/volleyball-double-block-with-partner/index.html (+7ms)
12:21:30   Γö£ΓöÇ /coaching-tips/volleyball-emergency-dive-intro/index.html (+7ms)
12:21:30   Γö£ΓöÇ /coaching-tips/volleyball-forearm-pass-to-target-ages-8-10/index.html (+8ms)
12:21:30   Γö£ΓöÇ /coaching-tips/volleyball-jump-serve-intro/index.html (+8ms)
12:21:30   Γö£ΓöÇ /coaching-tips/volleyball-overhand-serve-stationary/index.html (+9ms)
12:21:30   Γö£ΓöÇ /coaching-tips/volleyball-pass-from-server-toss/index.html (+7ms)
12:21:30   Γö£ΓöÇ /coaching-tips/volleyball-peppering-with-partner-ages-8-10/index.html (+7ms)
12:21:30   Γö£ΓöÇ /coaching-tips/volleyball-platform-shape-no-ball/index.html (+9ms)
12:21:30   Γö£ΓöÇ /coaching-tips/volleyball-self-toss-and-set/index.html (+8ms)
12:21:30   Γö£ΓöÇ /coaching-tips/volleyball-serve-receive-triangle-ages-11-12/index.html (+9ms)
12:21:30   Γö£ΓöÇ /coaching-tips/volleyball-serve-target-zone/index.html (+8ms)
12:21:30   Γö£ΓöÇ /coaching-tips/volleyball-set-against-wall/index.html (+7ms)
12:21:30   Γö£ΓöÇ /coaching-tips/volleyball-set-from-bump/index.html (+7ms)
12:21:30   Γö£ΓöÇ /coaching-tips/volleyball-shuffle-and-pass/index.html (+9ms)
12:21:30   Γö£ΓöÇ /coaching-tips/volleyball-spike-on-line/index.html (+10ms)
12:21:30   Γö£ΓöÇ /coaching-tips/volleyball-toss-and-bump-back/index.html (+9ms)
12:21:30   Γö£ΓöÇ /coaching-tips/volleyball-underhand-serve/index.html (+7ms)
12:21:30   Γö£ΓöÇ /coaching-tips/volleyball-window-shape-overhead/index.html (+9ms)
12:21:30   ΓööΓöÇ /coaching-tips/xc-form-on-trail/index.html (+7ms)
12:21:30 Γû╢ src/pages/coaching-tips/index.astro
12:21:30   ΓööΓöÇ /coaching-tips/index.html (+30ms)
12:21:30 Γû╢ src/pages/contributors.astro
12:21:30   ΓööΓöÇ /contributors/index.html (+5ms)
12:21:30 Γû╢ src/pages/cost-calculator/methodology.astro
12:21:30   ΓööΓöÇ /cost-calculator/methodology/index.html (+9ms)
12:21:30 Γû╢ src/pages/cost-calculator.astro
12:21:30   ΓööΓöÇ /cost-calculator/index.html (+9ms)
12:21:30 Γû╢ src/pages/decisions/index.astro
12:21:30   ΓööΓöÇ /decisions/index.html (+5ms)
12:21:30 Γû╢ src/pages/disclosure.astro
12:21:30   ΓööΓöÇ /disclosure/index.html (+5ms)
12:21:30 Γû╢ src/pages/drive-home/[slug].astro
12:21:30   Γö£ΓöÇ /drive-home/15-plus-walking-away/index.html (+13ms)
12:21:30   Γö£ΓöÇ /drive-home/after-the-cut-the-24-hour-rule/index.html (+12ms)
12:21:30   Γö£ΓöÇ /drive-home/college-id-camp-pitch/index.html (+10ms)
12:21:30   Γö£ΓöÇ /drive-home/competition-dance-the-actual-annual-cost/index.html (+10ms)
12:21:30   Γö£ΓöÇ /drive-home/day-camp-vs-overnight-camp/index.html (+11ms)
12:21:30   Γö£ΓöÇ /drive-home/elite-camp-label/index.html (+11ms)
12:21:30   Γö£ΓöÇ /drive-home/friend-group-camp-vs-the-right-camp/index.html (+12ms)
12:21:30   Γö£ΓöÇ /drive-home/how-to-ask-for-playing-time/index.html (+11ms)
12:21:30   Γö£ΓöÇ /drive-home/middle-school-tryouts-when-not-making-it-is-best/index.html (+10ms)
12:21:30   Γö£ΓöÇ /drive-home/on-not-making-varsity/index.html (+7ms)
12:21:30   Γö£ΓöÇ /drive-home/pointe-shoes-and-the-year-of-waiting/index.html (+12ms)
12:21:30   Γö£ΓöÇ /drive-home/post-practice-dinner-when-driving-past-fast-food/index.html (+12ms)
12:21:30   Γö£ΓöÇ /drive-home/quitting-travel-how-to-do-it-cleanly/index.html (+12ms)
12:21:30   Γö£ΓöÇ /drive-home/single-sport-vs-multi-sport-camp/index.html (+8ms)
12:21:30   Γö£ΓöÇ /drive-home/specialty-camp-question/index.html (+8ms)
12:21:30   Γö£ΓöÇ /drive-home/talking-about-the-coach-they-dont-like/index.html (+13ms)
12:21:30   Γö£ΓöÇ /drive-home/telling-the-coach-your-kid-is-being-bullied/index.html (+15ms)
12:21:30   Γö£ΓöÇ /drive-home/text-to-the-coach-you-should-never-send/index.html (+10ms)
12:21:30   Γö£ΓöÇ /drive-home/the-11-to-12-best-friend-on-a-different-team/index.html (+11ms)
12:21:30   Γö£ΓöÇ /drive-home/the-11-year-old-who-quit-her-best-sport/index.html (+10ms)
12:21:30   Γö£ΓöÇ /drive-home/the-11-year-old-whos-not-ready-for-travel/index.html (+8ms)
12:21:30   Γö£ΓöÇ /drive-home/the-13-to-14-quit-mid-season-call/index.html (+12ms)
12:21:30   Γö£ΓöÇ /drive-home/the-14-year-old-who-wants-to-quit-the-instrument/index.html (+10ms)
12:21:30   Γö£ΓöÇ /drive-home/the-14-year-old-whos-tired/index.html (+9ms)
12:21:30   Γö£ΓöÇ /drive-home/the-15-plus-kid-who-is-bored/index.html (+9ms)
12:21:30   Γö£ΓöÇ /drive-home/the-4-percent-rule/index.html (+8ms)
12:21:30   Γö£ΓöÇ /drive-home/the-5-to-7-meltdown-after-a-strikeout/index.html (+8ms)
12:21:30   Γö£ΓöÇ /drive-home/the-7am-coach-text/index.html (+6ms)
12:21:30   Γö£ΓöÇ /drive-home/the-90-second-rule/index.html (+7ms)
12:21:30   Γö£ΓöÇ /drive-home/the-age-appropriate-sleep-talk/index.html (+10ms)
12:21:30   Γö£ΓöÇ /drive-home/the-audition-that-didnt-go-your-way/index.html (+10ms)
12:21:31   Γö£ΓöÇ /drive-home/the-bad-call-that-didnt-go-your-way/index.html (+8ms)
12:21:31   Γö£ΓöÇ /drive-home/the-booster-club-power-plays/index.html (+12ms)
12:21:31   Γö£ΓöÇ /drive-home/the-case-for-one-sport-per-season/index.html (+9ms)
12:21:31   Γö£ΓöÇ /drive-home/the-cost-of-travel-ball/index.html (+11ms)
12:21:31   Γö£ΓöÇ /drive-home/the-end-of-season-coach-thank-you/index.html (+9ms)
12:21:31   Γö£ΓöÇ /drive-home/the-end-of-season-dip-in-mood/index.html (+8ms)
12:21:31   Γö£ΓöÇ /drive-home/the-first-overnight-camp-at-9/index.html (+10ms)
12:21:31   Γö£ΓöÇ /drive-home/the-friend-who-made-the-team-your-kid-didnt/index.html (+8ms)
12:21:31   Γö£ΓöÇ /drive-home/the-group-chat-parent-who-wont-stop-venting/index.html (+8ms)
12:21:31   Γö£ΓöÇ /drive-home/the-kid-in-the-back-row-of-the-choir/index.html (+10ms)
12:21:31   Γö£ΓöÇ /drive-home/the-kid-who-isnt-athletic/index.html (+14ms)
12:21:31   Γö£ΓöÇ /drive-home/the-kid-who-scored-vs-the-kid-who-didnt/index.html (+13ms)
12:21:31   Γö£ΓöÇ /drive-home/the-kid-who-used-to-love-it/index.html (+9ms)
12:21:31   Γö£ΓöÇ /drive-home/the-kids-letter-to-teammates/index.html (+9ms)
12:21:31   Γö£ΓöÇ /drive-home/the-last-game-car-ride/index.html (+9ms)
12:21:31   Γö£ΓöÇ /drive-home/the-minute-before-warm-ups/index.html (+11ms)
12:21:31   Γö£ΓöÇ /drive-home/the-mom-who-texts-about-her-kids-real-talent/index.html (+8ms)
12:21:31   Γö£ΓöÇ /drive-home/the-nutrition-talk-at-13-14/index.html (+8ms)
12:21:31   Γö£ΓöÇ /drive-home/the-nutrition-talk-at-8-10/index.html (+9ms)
12:21:31   Γö£ΓöÇ /drive-home/the-olympic-dream-conversation-at-12/index.html (+7ms)
12:21:31   Γö£ΓöÇ /drive-home/the-parent-ruining-the-team-chat/index.html (+9ms)
12:21:31   Γö£ΓöÇ /drive-home/the-performance-anxiety-conversation-at-12/index.html (+7ms)
12:21:31   Γö£ΓöÇ /drive-home/the-post-tryout-family-conversation/index.html (+10ms)
12:21:31   Γö£ΓöÇ /drive-home/the-quiet-pickup-after-a-loss/index.html (+8ms)
12:21:31   Γö£ΓöÇ /drive-home/the-recovery-talk-at-13-14/index.html (+10ms)
12:21:31   Γö£ΓöÇ /drive-home/the-recruiter-at-rec-ball/index.html (+8ms)
12:21:31   Γö£ΓöÇ /drive-home/the-science-fair-question/index.html (+10ms)
12:21:31   Γö£ΓöÇ /drive-home/the-second-cut/index.html (+8ms)
12:21:31   Γö£ΓöÇ /drive-home/the-sleep-talk-at-11-12/index.html (+7ms)
12:21:31   Γö£ΓöÇ /drive-home/the-summer-break-conversation/index.html (+7ms)
12:21:31   Γö£ΓöÇ /drive-home/the-teammate-who-got-hurt-and-your-kid-is-shaken/index.html (+8ms)
12:21:31   Γö£ΓöÇ /drive-home/the-teammates-parent-who-asks-you-to-talk-to-coach/index.html (+9ms)
12:21:31   Γö£ΓöÇ /drive-home/the-you-should-be-assistant-coaching-pressure/index.html (+8ms)
12:21:31   Γö£ΓöÇ /drive-home/three-camps-in-three-weeks/index.html (+9ms)
12:21:31   Γö£ΓöÇ /drive-home/three-drives-one-relationship/index.html (+11ms)
12:21:31   Γö£ΓöÇ /drive-home/travel-team-politics-the-playing-time-formula/index.html (+9ms)
12:21:31   Γö£ΓöÇ /drive-home/varsity-tryouts-how-to-read-the-coach/index.html (+12ms)
12:21:31   Γö£ΓöÇ /drive-home/what-my-kid-said-in-the-car/index.html (+10ms)
12:21:31   Γö£ΓöÇ /drive-home/what-sports-gives-kids-that-nothing-else-does/index.html (+9ms)
12:21:31   Γö£ΓöÇ /drive-home/what-to-text-the-coach-after-a-hard-game/index.html (+11ms)
12:21:31   Γö£ΓöÇ /drive-home/when-a-friends-family-goes-travel/index.html (+8ms)
12:21:31   Γö£ΓöÇ /drive-home/when-a-parent-corners-you-about-your-kids-behavior/index.html (+8ms)
12:21:31   Γö£ΓöÇ /drive-home/when-a-parent-emails-about-playing-time/index.html (+7ms)
12:21:31   Γö£ΓöÇ /drive-home/when-hes-crying-in-the-locker-room/index.html (+9ms)
12:21:31   Γö£ΓöÇ /drive-home/when-she-says-everyone-hates-me/index.html (+9ms)
12:21:31   Γö£ΓöÇ /drive-home/when-she-says-i-hate-this-sport/index.html (+7ms)
12:21:31   Γö£ΓöÇ /drive-home/when-the-coach-replies-short/index.html (+8ms)
12:21:31   Γö£ΓöÇ /drive-home/when-the-cuts-list-goes-up/index.html (+7ms)
12:21:31   Γö£ΓöÇ /drive-home/when-the-rec-team-is-better-than-the-travel-team/index.html (+8ms)
12:21:31   Γö£ΓöÇ /drive-home/when-the-team-needs-to-talk-to-a-parent-collectively/index.html (+9ms)
12:21:31   Γö£ΓöÇ /drive-home/when-they-ask-am-i-any-good/index.html (+9ms)
12:21:31   Γö£ΓöÇ /drive-home/when-you-cant-afford-travel/index.html (+8ms)
12:21:31   Γö£ΓöÇ /drive-home/when-you-disagree-with-the-coach-in-front-of-your-kid/index.html (+7ms)
12:21:31   Γö£ΓöÇ /drive-home/when-you-have-to-confront-a-parent-yourself/index.html (+8ms)
12:21:31   Γö£ΓöÇ /drive-home/when-you-say-no-to-travel/index.html (+10ms)
12:21:31   Γö£ΓöÇ /drive-home/when-your-kid-doesnt-want-to-go-to-camp/index.html (+11ms)
12:21:31   Γö£ΓöÇ /drive-home/when-your-kid-is-jealous-of-their-siblings-success/index.html (+9ms)
12:21:31   Γö£ΓöÇ /drive-home/when-your-kid-is-the-star-and-the-team-loses/index.html (+9ms)
12:21:31   Γö£ΓöÇ /drive-home/when-your-kid-isnt-going-to-play-in-college/index.html (+10ms)
12:21:31   Γö£ΓöÇ /drive-home/when-your-kid-loses-the-part-to-their-best-friend/index.html (+9ms)
12:21:31   Γö£ΓöÇ /drive-home/when-your-kid-says-theyre-not-as-good-as-their-teammate/index.html (+7ms)
12:21:31   Γö£ΓöÇ /drive-home/when-your-kid-wants-to-play-up/index.html (+8ms)
12:21:31   Γö£ΓöÇ /drive-home/when-your-kid-wants-to-switch-sports-mid-season/index.html (+10ms)
12:21:31   Γö£ΓöÇ /drive-home/when-your-kid-wants-you-to-email-the-coach/index.html (+9ms)
12:21:31   Γö£ΓöÇ /drive-home/when-youre-the-one-whos-too-invested/index.html (+9ms)
12:21:31   Γö£ΓöÇ /drive-home/why-i-stopped-asking-did-you-have-fun/index.html (+13ms)
12:21:31   Γö£ΓöÇ /drive-home/why-kids-quit-sports/index.html (+16ms)
12:21:31   Γö£ΓöÇ /drive-home/why-winning-at-8-doesnt-mean-what-you-think/index.html (+13ms)
12:21:31   ΓööΓöÇ /drive-home/your-kid-is-being-mean-to-a-teammate/index.html (+12ms)
12:21:31 Γû╢ src/pages/drive-home/index.astro
12:21:31   ΓööΓöÇ /drive-home/index.html (+17ms)
12:21:31 Γû╢ src/pages/drive-there/[slug].astro
12:21:31   Γö£ΓöÇ /drive-there/11-12-helmet-upgrade/index.html (+15ms)
12:21:31   Γö£ΓöÇ /drive-there/11-12-honest-comparison/index.html (+8ms)
12:21:31   Γö£ΓöÇ /drive-there/13-14-bat-drop/index.html (+12ms)
12:21:31   Γö£ΓöÇ /drive-there/13-14-cost-benefit/index.html (+9ms)
12:21:31   Γö£ΓöÇ /drive-there/15-plus-skate-baking/index.html (+9ms)
12:21:31   Γö£ΓöÇ /drive-there/15-plus-volunteer-team/index.html (+7ms)
12:21:31   Γö£ΓöÇ /drive-there/5-year-old-glove/index.html (+7ms)
12:21:31   Γö£ΓöÇ /drive-there/8-10-cleat-conversation/index.html (+7ms)
12:21:31   Γö£ΓöÇ /drive-there/8-10-travel-pitch/index.html (+7ms)
12:21:31   Γö£ΓöÇ /drive-there/are-youth-sports-worth-it/index.html (+12ms)
12:21:31   Γö£ΓöÇ /drive-there/benefits-of-multi-sport-athletes/index.html (+8ms)
12:21:31   Γö£ΓöÇ /drive-there/car-kit/index.html (+6ms)
12:21:31   Γö£ΓöÇ /drive-there/chalking-the-lines/index.html (+7ms)
12:21:31   Γö£ΓöÇ /drive-there/disinfecting-equipment-end-of-season/index.html (+11ms)
12:21:31   Γö£ΓöÇ /drive-there/first-overnight-camp-packing-list/index.html (+9ms)
12:21:31   Γö£ΓöÇ /drive-there/first-parent-meeting/index.html (+12ms)
12:21:31   Γö£ΓöÇ /drive-there/game-time-conflicts-when-you-have-two-kids/index.html (+13ms)
12:21:31   Γö£ΓöÇ /drive-there/how-to-evaluate-a-summer-camp/index.html (+11ms)
12:21:31   Γö£ΓöÇ /drive-there/how-to-net-a-soccer-goal/index.html (+10ms)
12:21:31   Γö£ΓöÇ /drive-there/how-to-read-the-tryout-drill/index.html (+11ms)
12:21:31   Γö£ΓöÇ /drive-there/how-to-tell-if-your-kid-is-on-the-bubble/index.html (+7ms)
12:21:31   Γö£ΓöÇ /drive-there/how-to-vet-a-camp-for-safety/index.html (+9ms)
12:21:31   Γö£ΓöÇ /drive-there/lunch-aftercare-full-day/index.html (+13ms)
12:21:31   Γö£ΓöÇ /drive-there/moving-a-soccer-goal-safely/index.html (+16ms)
12:21:31   Γö£ΓöÇ /drive-there/night-before-tryouts/index.html (+12ms)
12:21:31   Γö£ΓöÇ /drive-there/opening-night-nerves-at-12/index.html (+14ms)
12:21:31   Γö£ΓöÇ /drive-there/packing-food-for-the-travel-weekend/index.html (+14ms)
12:21:31   Γö£ΓöÇ /drive-there/pre-tryout-dinner/index.html (+12ms)
12:21:31   Γö£ΓöÇ /drive-there/raking-the-infield/index.html (+7ms)
12:21:31   Γö£ΓöÇ /drive-there/setting-up-a-baseball-field/index.html (+13ms)
12:21:31   Γö£ΓöÇ /drive-there/sock-and-underwear-rules/index.html (+9ms)
12:21:31   Γö£ΓöÇ /drive-there/summer-camp-packing-list/index.html (+10ms)
12:21:31   Γö£ΓöÇ /drive-there/team-fun-versus-not-doing-things-you-dont-want-to-do/index.html (+9ms)
12:21:32   Γö£ΓöÇ /drive-there/the-13-year-olds-i-need-new-everything/index.html (+15ms)
12:21:32   Γö£ΓöÇ /drive-there/the-15-plus-club-tryout/index.html (+13ms)
12:21:32   Γö£ΓöÇ /drive-there/the-8-to-10-tryout-the-four-things-coaches-evaluate/index.html (+7ms)
12:21:32   Γö£ΓöÇ /drive-there/the-8-year-olds-glove-that-cost-too-much/index.html (+7ms)
12:21:32   Γö£ΓöÇ /drive-there/the-bat-your-kid-begged-for/index.html (+7ms)
12:21:32   Γö£ΓöÇ /drive-there/the-carpool-text-that-prevents-fights/index.html (+6ms)
12:21:32   Γö£ΓöÇ /drive-there/the-first-parent-email-of-the-season/index.html (+7ms)
12:21:32   Γö£ΓöÇ /drive-there/the-first-travel-tournament/index.html (+8ms)
12:21:32   Γö£ΓöÇ /drive-there/the-group-chat-rule-that-ends-midnight-texts/index.html (+8ms)
12:21:32   Γö£ΓöÇ /drive-there/the-hotel-pool-rule/index.html (+11ms)
12:21:32   Γö£ΓöÇ /drive-there/the-hydration-conversation-at-11-12/index.html (+10ms)
12:21:32   Γö£ΓöÇ /drive-there/the-kid-who-refuses-to-go-to-tryouts/index.html (+9ms)
12:21:32   Γö£ΓöÇ /drive-there/the-night-before-tryouts-5-to-7/index.html (+9ms)
12:21:32   Γö£ΓöÇ /drive-there/the-night-before-tryouts-at-8-to-10/index.html (+10ms)
12:21:32   Γö£ΓöÇ /drive-there/the-pre-game-conversation-isnt-strategy/index.html (+10ms)
12:21:32   Γö£ΓöÇ /drive-there/the-pregame-meltdown-at-6/index.html (+10ms)
12:21:32   Γö£ΓöÇ /drive-there/the-pregame-snack-at-11-to-12/index.html (+9ms)
12:21:32   Γö£ΓöÇ /drive-there/the-recital-meltdown-at-5/index.html (+10ms)
12:21:32   Γö£ΓöÇ /drive-there/the-summer-parent-meeting/index.html (+8ms)
12:21:32   Γö£ΓöÇ /drive-there/the-team-hotel-opt-out/index.html (+10ms)
12:21:32   Γö£ΓöÇ /drive-there/the-travel-team-tryout-at-11-to-12/index.html (+7ms)
12:21:32   Γö£ΓöÇ /drive-there/tournament-weekend-the-realistic-packing-list/index.html (+12ms)
12:21:32   Γö£ΓöÇ /drive-there/tryouts-when-your-kid-has-a-cold/index.html (+10ms)
12:21:32   Γö£ΓöÇ /drive-there/used-gear-rules/index.html (+11ms)
12:21:32   Γö£ΓöÇ /drive-there/used-vs-new-gear-the-actual-math/index.html (+11ms)
12:21:32   Γö£ΓöÇ /drive-there/week-one-camp-drop-off/index.html (+12ms)
12:21:32   Γö£ΓöÇ /drive-there/what-age-should-kids-start-sports/index.html (+12ms)
12:21:32   Γö£ΓöÇ /drive-there/what-off-season-actually-means/index.html (+11ms)
12:21:32   Γö£ΓöÇ /drive-there/what-to-bring-to-a-7am-saturday-game/index.html (+10ms)
12:21:32   Γö£ΓöÇ /drive-there/what-to-do-in-the-30-minutes-before-kickoff/index.html (+9ms)
12:21:32   Γö£ΓöÇ /drive-there/what-you-actually-need-for-first-year-hockey/index.html (+11ms)
12:21:32   Γö£ΓöÇ /drive-there/when-the-team-says-wear-all-black/index.html (+9ms)
12:21:32   Γö£ΓöÇ /drive-there/when-your-gym-bag-stinks/index.html (+8ms)
12:21:32   Γö£ΓöÇ /drive-there/when-your-kid-asks-you-not-to-come/index.html (+13ms)
12:21:32   Γö£ΓöÇ /drive-there/when-your-kid-forgets-gear-at-camp/index.html (+15ms)
12:21:32   ΓööΓöÇ /drive-there/when-your-kid-outgrows-cleats-mid-season/index.html (+11ms)
12:21:32 Γû╢ src/pages/drive-there/index.astro
12:21:32   ΓööΓöÇ /drive-there/index.html (+15ms)
12:21:32 Γû╢ src/pages/game/[slug].astro
12:21:32   Γö£ΓöÇ /game/11-12-substitution-rules/index.html (+13ms)
12:21:32   Γö£ΓöÇ /game/11-12-tune-up/index.html (+11ms)
12:21:32   Γö£ΓöÇ /game/13-14-practice/index.html (+8ms)
12:21:32   Γö£ΓöÇ /game/13-14-sportsmanship/index.html (+12ms)
12:21:32   Γö£ΓöÇ /game/15-plus-game-management/index.html (+13ms)
12:21:32   Γö£ΓöÇ /game/8-10-mercy-rule/index.html (+14ms)
12:21:32   Γö£ΓöÇ /game/8-10-practice/index.html (+13ms)
12:21:32   Γö£ΓöÇ /game/coaching-your-own-kid-in-front-of-the-team/index.html (+10ms)
12:21:32   Γö£ΓöÇ /game/first-practice-plan/index.html (+12ms)
12:21:32   Γö£ΓöÇ /game/reading-the-ref-when-to-say-something/index.html (+10ms)
12:21:32   Γö£ΓöÇ /game/rec-ball-5-7/index.html (+9ms)
12:21:32   Γö£ΓöÇ /game/sideline-etiquette-for-youth-sports-parents/index.html (+12ms)
12:21:32   Γö£ΓöÇ /game/talking-to-a-parent-coaching-from-the-stands/index.html (+13ms)
12:21:32   Γö£ΓöÇ /game/tee-ball-strikeouts/index.html (+13ms)
12:21:32   Γö£ΓöÇ /game/the-13-to-14-bench-managing-substitutions-kids-buy-into/index.html (+13ms)
12:21:32   Γö£ΓöÇ /game/the-15-plus-game-day-when-your-kid-is-on-the-bench/index.html (+13ms)
12:21:32   Γö£ΓöÇ /game/the-5-to-7-lineup-card-fair-rotation-in-three-minutes/index.html (+15ms)
12:21:32   Γö£ΓöÇ /game/the-8-to-10-game-day-when-to-call-timeout/index.html (+12ms)
12:21:32   Γö£ΓöÇ /game/the-bench-reaction-your-kid-will-remember/index.html (+13ms)
12:21:32   Γö£ΓöÇ /game/the-cheer-that-embarrasses-your-kid/index.html (+12ms)
12:21:32   Γö£ΓöÇ /game/the-dad-who-corners-coach-in-the-parking-lot/index.html (+11ms)
12:21:32   Γö£ΓöÇ /game/the-double-header-recovery-plan/index.html (+12ms)
12:21:32   Γö£ΓöÇ /game/the-group-chat-that-saved-me/index.html (+10ms)
12:21:32   Γö£ΓöÇ /game/the-missing-rec-layer/index.html (+12ms)
12:21:32   Γö£ΓöÇ /game/the-parent-who-screams-at-their-own-kid/index.html (+13ms)
12:21:32   Γö£ΓöÇ /game/the-real-job-of-youth-sports/index.html (+11ms)
12:21:32   Γö£ΓöÇ /game/the-team-meeting-when-things-have-gone-sideways/index.html (+14ms)
12:21:32   Γö£ΓöÇ /game/the-team-mom-you-dont-want-to-be/index.html (+8ms)
12:21:32   Γö£ΓöÇ /game/travel-politics/index.html (+9ms)
12:21:32   Γö£ΓöÇ /game/unwritten-rules/index.html (+11ms)
12:21:32   Γö£ΓöÇ /game/what-parents-shouldnt-do-at-youth-sports-games/index.html (+12ms)
12:21:32   Γö£ΓöÇ /game/when-a-parent-yells-at-the-ref/index.html (+13ms)
12:21:32   Γö£ΓöÇ /game/when-another-parent-says-something-racist/index.html (+12ms)
12:21:32   Γö£ΓöÇ /game/when-your-kid-gets-hurt-mid-game/index.html (+12ms)
12:21:32   ΓööΓöÇ /game/your-kid-is-the-worst-on-the-team/index.html (+11ms)
12:21:32 Γû╢ src/pages/game/index.astro
12:21:32   ΓööΓöÇ /game/index.html (+13ms)
12:21:32 Γû╢ src/pages/governing-bodies.astro
12:21:32   ΓööΓöÇ /governing-bodies/index.html (+12ms)
12:21:32 Γû╢ src/pages/mental-skills.astro
12:21:32   ΓööΓöÇ /mental-skills/index.html (+7ms)
12:21:32 Γû╢ src/pages/newsletter.astro
12:21:32   ΓööΓöÇ /newsletter/index.html (+42ms)
12:21:32 Γû╢ src/pages/parent-coach.astro
12:21:32   ΓööΓöÇ /parent-coach/index.html (+9ms)
12:21:32 Γû╢ src/pages/pathways/[sport].astro
12:21:32   Γö£ΓöÇ /pathways/band/index.html (+11ms)
12:21:32   Γö£ΓöÇ /pathways/baseball/index.html (+11ms)
12:21:32   Γö£ΓöÇ /pathways/basketball/index.html (+10ms)
12:21:32   Γö£ΓöÇ /pathways/dance/index.html (+13ms)
12:21:32   Γö£ΓöÇ /pathways/football/index.html (+12ms)
12:21:32   Γö£ΓöÇ /pathways/gymnastics/index.html (+12ms)
12:21:32   Γö£ΓöÇ /pathways/lacrosse-boys/index.html (+11ms)
12:21:32   Γö£ΓöÇ /pathways/soccer/index.html (+9ms)
12:21:32   Γö£ΓöÇ /pathways/swimming/index.html (+11ms)
12:21:32   ΓööΓöÇ /pathways/volleyball/index.html (+10ms)
12:21:33 Γû╢ src/pages/pathways/index.astro
12:21:33   ΓööΓöÇ /pathways/index.html (+7ms)
12:21:33 Γû╢ src/pages/reads/[topic].astro
12:21:33   Γö£ΓöÇ /reads/communication/index.html (+22ms)
12:21:33   Γö£ΓöÇ /reads/tryouts/index.html (+10ms)
12:21:33   Γö£ΓöÇ /reads/game-day/index.html (+10ms)
12:21:33   Γö£ΓöÇ /reads/the-hard-stuff/index.html (+14ms)
12:21:33   Γö£ΓöÇ /reads/season-ops/index.html (+13ms)
12:21:33   Γö£ΓöÇ /reads/equipment/index.html (+12ms)
12:21:33   Γö£ΓöÇ /reads/rec-vs-travel/index.html (+13ms)
12:21:33   Γö£ΓöÇ /reads/rules-of-play/index.html (+15ms)
12:21:33   ΓööΓöÇ /reads/summer-camps/index.html (+10ms)
12:21:33 Γû╢ src/pages/reads/index.astro
12:21:33   ΓööΓöÇ /reads/index.html (+13ms)
12:21:33 Γû╢ src/pages/recruiting/[slug].astro
12:21:33   Γö£ΓöÇ /recruiting/baseball/index.html (+9ms)
12:21:33   Γö£ΓöÇ /recruiting/basketball/index.html (+11ms)
12:21:33   Γö£ΓöÇ /recruiting/football/index.html (+10ms)
12:21:33   Γö£ΓöÇ /recruiting/hockey/index.html (+10ms)
12:21:33   Γö£ΓöÇ /recruiting/lacrosse/index.html (+14ms)
12:21:33   Γö£ΓöÇ /recruiting/ncaa-eligibility-center/index.html (+9ms)
12:21:33   Γö£ΓöÇ /recruiting/nil-basics-for-hs/index.html (+10ms)
12:21:33   Γö£ΓöÇ /recruiting/scholarship-odds-the-honest-math/index.html (+11ms)
12:21:33   Γö£ΓöÇ /recruiting/soccer/index.html (+10ms)
12:21:33   Γö£ΓöÇ /recruiting/social-media-for-recruiting/index.html (+13ms)
12:21:33   Γö£ΓöÇ /recruiting/softball/index.html (+9ms)
12:21:33   Γö£ΓöÇ /recruiting/the-recruiting-process/index.html (+10ms)
12:21:33   Γö£ΓöÇ /recruiting/timeline-by-grade/index.html (+11ms)
12:21:33   Γö£ΓöÇ /recruiting/volleyball/index.html (+12ms)
12:21:33   ΓööΓöÇ /recruiting/what-verbal-commits-mean/index.html (+12ms)
12:21:33 Γû╢ src/pages/recruiting/index.astro
12:21:33   ΓööΓöÇ /recruiting/index.html (+9ms)
12:21:33 Γû╢ src/pages/resources/drive-home-playbook.astro
12:21:33   ΓööΓöÇ /resources/drive-home-playbook/index.html (+17ms)
12:21:33 Γû╢ src/pages/resources/national-organizations.astro
12:21:33   ΓööΓöÇ /resources/national-organizations/index.html (+10ms)
12:21:33 Γû╢ src/pages/resources/practice-plan-template.astro
12:21:33   ΓööΓöÇ /resources/practice-plan-template/index.html (+8ms)
12:21:33 Γû╢ src/pages/resources/index.astro
12:21:33   ΓööΓöÇ /resources/index.html (+7ms)
12:21:33 Γû╢ src/pages/rules/[sport].astro
12:21:33   Γö£ΓöÇ /rules/baseball/index.html (+14ms)
12:21:33   Γö£ΓöÇ /rules/basketball/index.html (+9ms)
12:21:33   Γö£ΓöÇ /rules/cheer/index.html (+10ms)
12:21:33   Γö£ΓöÇ /rules/crew/index.html (+9ms)
12:21:33   Γö£ΓöÇ /rules/cross-country/index.html (+9ms)
12:21:33   Γö£ΓöÇ /rules/flag-football/index.html (+7ms)
12:21:33   Γö£ΓöÇ /rules/football-7v7/index.html (+9ms)
12:21:33   Γö£ΓöÇ /rules/football/index.html (+10ms)
12:21:33   Γö£ΓöÇ /rules/golf/index.html (+10ms)
12:21:33   Γö£ΓöÇ /rules/gymnastics/index.html (+7ms)
12:21:33   Γö£ΓöÇ /rules/hockey/index.html (+7ms)
12:21:33   Γö£ΓöÇ /rules/lacrosse-boys/index.html (+8ms)
12:21:33   Γö£ΓöÇ /rules/lacrosse-girls/index.html (+5ms)
12:21:33   Γö£ΓöÇ /rules/martial-arts/index.html (+7ms)
12:21:33   Γö£ΓöÇ /rules/soccer/index.html (+9ms)
12:21:33   Γö£ΓöÇ /rules/softball/index.html (+9ms)
12:21:33   Γö£ΓöÇ /rules/swimming/index.html (+8ms)
12:21:33   Γö£ΓöÇ /rules/tennis/index.html (+6ms)
12:21:33   Γö£ΓöÇ /rules/track-field/index.html (+7ms)
12:21:33   ΓööΓöÇ /rules/volleyball/index.html (+7ms)
12:21:33 Γû╢ src/pages/rules/index.astro
12:21:33   ΓööΓöÇ /rules/index.html (+5ms)
12:21:33 Γû╢ src/pages/scripts/[slug].astro
12:21:33   Γö£ΓöÇ /scripts/after-a-bad-game/index.html (+11ms)
12:21:33   Γö£ΓöÇ /scripts/after-a-loss/index.html (+8ms)
12:21:33   Γö£ΓöÇ /scripts/after-a-mistake/index.html (+7ms)
12:21:33   Γö£ΓöÇ /scripts/after-a-teammate-injury/index.html (+9ms)
12:21:33   Γö£ΓöÇ /scripts/after-a-win/index.html (+5ms)
12:21:33   Γö£ΓöÇ /scripts/after-no-playing-time/index.html (+6ms)
12:21:33   Γö£ΓöÇ /scripts/after-the-last-game/index.html (+7ms)
12:21:33   Γö£ΓöÇ /scripts/before-game-nerves/index.html (+6ms)
12:21:33   Γö£ΓöÇ /scripts/before-the-championship-game/index.html (+7ms)
12:21:33   Γö£ΓöÇ /scripts/didnt-make-captain/index.html (+7ms)
12:21:33   Γö£ΓöÇ /scripts/kid-silent/index.html (+8ms)
12:21:33   Γö£ΓöÇ /scripts/kid-upset/index.html (+6ms)
12:21:33   Γö£ΓöÇ /scripts/meltdown-at-practice/index.html (+9ms)
12:21:33   ΓööΓöÇ /scripts/post-cut-text/index.html (+9ms)
12:21:33 Γû╢ src/pages/scripts/index.astro
12:21:33   ΓööΓöÇ /scripts/index.html (+6ms)
12:21:33 Γû╢ src/pages/search.astro
12:21:33   ΓööΓöÇ /search/index.html (+17ms)
12:21:33 Γû╢ src/pages/season-calendar/index.astro
12:21:33   ΓööΓöÇ /season-calendar/index.html (+8ms)
12:21:33 Γû╢ src/pages/sports/[slug].astro
12:21:33   Γö£ΓöÇ /sports/baseball/index.html (+15ms)
12:21:33   Γö£ΓöÇ /sports/softball/index.html (+6ms)
12:21:33   Γö£ΓöÇ /sports/soccer/index.html (+6ms)
12:21:33   Γö£ΓöÇ /sports/basketball/index.html (+5ms)
12:21:33   Γö£ΓöÇ /sports/flag-football/index.html (+8ms)
12:21:33   Γö£ΓöÇ /sports/football-7v7/index.html (+5ms)
12:21:33   Γö£ΓöÇ /sports/football/index.html (+8ms)
12:21:33   Γö£ΓöÇ /sports/hockey/index.html (+5ms)
12:21:33   Γö£ΓöÇ /sports/lacrosse-boys/index.html (+5ms)
12:21:33   Γö£ΓöÇ /sports/lacrosse-girls/index.html (+5ms)
12:21:33   Γö£ΓöÇ /sports/volleyball/index.html (+7ms)
12:21:33   Γö£ΓöÇ /sports/swimming/index.html (+7ms)
12:21:33   Γö£ΓöÇ /sports/track-field/index.html (+8ms)
12:21:33   Γö£ΓöÇ /sports/cross-country/index.html (+5ms)
12:21:33   Γö£ΓöÇ /sports/tennis/index.html (+7ms)
12:21:33   Γö£ΓöÇ /sports/golf/index.html (+6ms)
12:21:33   Γö£ΓöÇ /sports/crew/index.html (+5ms)
12:21:33   Γö£ΓöÇ /sports/martial-arts/index.html (+5ms)
12:21:33   Γö£ΓöÇ /sports/gymnastics/index.html (+5ms)
12:21:33   Γö£ΓöÇ /sports/cheer/index.html (+5ms)
12:21:33   Γö£ΓöÇ /sports/stunt/index.html (+4ms)
12:21:33   Γö£ΓöÇ /sports/theater/index.html (+4ms)
12:21:33   Γö£ΓöÇ /sports/band/index.html (+5ms)
12:21:33   Γö£ΓöÇ /sports/choir/index.html (+4ms)
12:21:33   Γö£ΓöÇ /sports/dance/index.html (+6ms)
12:21:33   ΓööΓöÇ /sports/ballet/index.html (+6ms)
12:21:33 Γû╢ src/pages/sports/index.astro
12:21:33   ΓööΓöÇ /sports/index.html (+11ms)
12:21:33 Γû╢ src/pages/start-here.astro
12:21:33   ΓööΓöÇ /start-here/index.html (+7ms)
12:21:33 Γû╢ src/pages/team-parent/[slug].astro
12:21:33   Γö£ΓöÇ /team-parent/fair-lineup-spreadsheet/index.html (+11ms)
12:21:33   Γö£ΓöÇ /team-parent/local-sponsor-email-script/index.html (+8ms)
12:21:33   Γö£ΓöÇ /team-parent/maxpreps-what-it-is/index.html (+9ms)
12:21:33   Γö£ΓöÇ /team-parent/picture-day-pro-or-parent/index.html (+6ms)
12:21:33   Γö£ΓöÇ /team-parent/picture-day-the-shot-list/index.html (+9ms)
12:21:33   Γö£ΓöÇ /team-parent/practice-plan-parents-can-read/index.html (+6ms)
12:21:33   Γö£ΓöÇ /team-parent/recruit-assistant-coaches/index.html (+8ms)
12:21:33   Γö£ΓöÇ /team-parent/setting-up-gamechanger/index.html (+7ms)
12:21:33   Γö£ΓöÇ /team-parent/snap-raise-honest-take/index.html (+10ms)
12:21:33   Γö£ΓöÇ /team-parent/starting-the-team-group-chat/index.html (+9ms)
12:21:33   Γö£ΓöÇ /team-parent/t-ball-cones-stop-the-bunching/index.html (+10ms)
12:21:33   Γö£ΓöÇ /team-parent/team-pizza-night-fundraiser/index.html (+12ms)
12:21:34   Γö£ΓöÇ /team-parent/the-fair-substitution-rule/index.html (+9ms)
12:21:34   Γö£ΓöÇ /team-parent/the-five-minute-practice-plan/index.html (+9ms)
12:21:34   Γö£ΓöÇ /team-parent/the-hard-parent-email-script/index.html (+8ms)
12:21:34   Γö£ΓöÇ /team-parent/the-snack-signup-that-fills/index.html (+10ms)
12:21:34   Γö£ΓöÇ /team-parent/the-tournament-hotel-plan/index.html (+11ms)
12:21:34   Γö£ΓöÇ /team-parent/travel-tournament-packing-list/index.html (+7ms)
12:21:34   Γö£ΓöÇ /team-parent/end-of-game-snack-what-actually-works/index.html (+9ms)
12:21:34   Γö£ΓöÇ /team-parent/end-of-season-banquet-toolkit/index.html (+9ms)
12:21:34   Γö£ΓöÇ /team-parent/stage-parents-the-dance-mom-dynamic/index.html (+10ms)
12:21:34   Γö£ΓöÇ /team-parent/the-banquet-speech-that-doesnt-suck/index.html (+7ms)
12:21:34   Γö£ΓöÇ /team-parent/the-carpool-spreadsheet-that-saves-marriages/index.html (+11ms)
12:21:34   Γö£ΓöÇ /team-parent/the-laundry-rotation-for-travel-season/index.html (+10ms)
12:21:34   Γö£ΓöÇ /team-parent/the-parent-thank-you-note/index.html (+10ms)
12:21:34   Γö£ΓöÇ /team-parent/the-shared-calendar-that-prevents-missed-games/index.html (+7ms)
12:21:34   Γö£ΓöÇ /team-parent/the-snack-rotation-that-doesnt-fall-apart/index.html (+9ms)
12:21:34   Γö£ΓöÇ /team-parent/the-sunday-night-reset/index.html (+6ms)
12:21:34   Γö£ΓöÇ /team-parent/the-team-picture-day-survival-guide/index.html (+8ms)
12:21:34   Γö£ΓöÇ /team-parent/when-the-director-plays-favorites/index.html (+7ms)
12:21:34   ΓööΓöÇ /team-parent/when-the-fundraiser-email-arrives/index.html (+10ms)
12:21:34 Γû╢ src/pages/team-parent/[topic].astro
12:21:34   Γö£ΓöÇ /team-parent/logistics/index.html (+11ms)
12:21:34   Γö£ΓöÇ /team-parent/communication/index.html (+6ms)
12:21:34   Γö£ΓöÇ /team-parent/money/index.html (+5ms)
12:21:34   Γö£ΓöÇ /team-parent/picture-day/index.html (+6ms)
12:21:34   Γö£ΓöÇ /team-parent/conflict/index.html (+4ms)
12:21:34   ΓööΓöÇ /team-parent/tools/index.html (+7ms)
12:21:34 Γû╢ src/pages/team-parent/index.astro
12:21:34   ΓööΓöÇ /team-parent/index.html (+6ms)
12:21:34 Γû╢ src/pages/tools/index.astro
12:21:34   ΓööΓöÇ /tools/index.html (+7ms)
12:21:34 Γû╢ src/pages/welcome/index.astro
12:21:34   ΓööΓöÇ /welcome/index.html (+5ms)
12:21:34 Γû╢ src/pages/what-to-buy/[slug]/sizing.astro
12:21:34   Γö£ΓöÇ /what-to-buy/baseball/sizing/index.html (+10ms)
12:21:34   Γö£ΓöÇ /what-to-buy/basketball/sizing/index.html (+5ms)
12:21:34   Γö£ΓöÇ /what-to-buy/flag-football/sizing/index.html (+6ms)
12:21:34   Γö£ΓöÇ /what-to-buy/football-7v7/sizing/index.html (+5ms)
12:21:34   Γö£ΓöÇ /what-to-buy/football/sizing/index.html (+4ms)
12:21:34   Γö£ΓöÇ /what-to-buy/hockey/sizing/index.html (+5ms)
12:21:34   Γö£ΓöÇ /what-to-buy/lacrosse-boys/sizing/index.html (+5ms)
12:21:34   Γö£ΓöÇ /what-to-buy/lacrosse-girls/sizing/index.html (+5ms)
12:21:34   Γö£ΓöÇ /what-to-buy/soccer/sizing/index.html (+4ms)
12:21:34   Γö£ΓöÇ /what-to-buy/softball/sizing/index.html (+4ms)
12:21:34   Γö£ΓöÇ /what-to-buy/volleyball/sizing/index.html (+4ms)
12:21:34   Γö£ΓöÇ /what-to-buy/crew/sizing/index.html (+4ms)
12:21:34   Γö£ΓöÇ /what-to-buy/cross-country/sizing/index.html (+5ms)
12:21:34   Γö£ΓöÇ /what-to-buy/golf/sizing/index.html (+4ms)
12:21:34   Γö£ΓöÇ /what-to-buy/gymnastics/sizing/index.html (+4ms)
12:21:34   Γö£ΓöÇ /what-to-buy/martial-arts/sizing/index.html (+4ms)
12:21:34   Γö£ΓöÇ /what-to-buy/swimming/sizing/index.html (+7ms)
12:21:34   Γö£ΓöÇ /what-to-buy/tennis/sizing/index.html (+4ms)
12:21:34   Γö£ΓöÇ /what-to-buy/track-field/sizing/index.html (+5ms)
12:21:34   Γö£ΓöÇ /what-to-buy/ballet/sizing/index.html (+4ms)
12:21:34   Γö£ΓöÇ /what-to-buy/band/sizing/index.html (+4ms)
12:21:34   Γö£ΓöÇ /what-to-buy/cheer/sizing/index.html (+5ms)
12:21:34   Γö£ΓöÇ /what-to-buy/choir/sizing/index.html (+5ms)
12:21:34   Γö£ΓöÇ /what-to-buy/dance/sizing/index.html (+4ms)
12:21:34   Γö£ΓöÇ /what-to-buy/stunt/sizing/index.html (+4ms)
12:21:34   Γö£ΓöÇ /what-to-buy/theater/sizing/index.html (+5ms)
12:21:34   Γö£ΓöÇ /what-to-buy/first-aid-kit/sizing/index.html (+6ms)
12:21:34   Γö£ΓöÇ /what-to-buy/season-essentials/sizing/index.html (+5ms)
12:21:34   ΓööΓöÇ /what-to-buy/sideline-kit/sizing/index.html (+4ms)
12:21:34 Γû╢ src/pages/what-to-buy/[slug].astro
12:21:34   Γö£ΓöÇ /what-to-buy/ballet/index.html (+10ms)
12:21:34   Γö£ΓöÇ /what-to-buy/band/index.html (+10ms)
12:21:34   Γö£ΓöÇ /what-to-buy/baseball/index.html (+9ms)
12:21:34   Γö£ΓöÇ /what-to-buy/basketball/index.html (+8ms)
12:21:34   Γö£ΓöÇ /what-to-buy/cheer/index.html (+7ms)
12:21:34   Γö£ΓöÇ /what-to-buy/choir/index.html (+9ms)
12:21:34   Γö£ΓöÇ /what-to-buy/crew/index.html (+10ms)
12:21:34   Γö£ΓöÇ /what-to-buy/cross-country/index.html (+10ms)
12:21:34   Γö£ΓöÇ /what-to-buy/dance/index.html (+8ms)
12:21:34   Γö£ΓöÇ /what-to-buy/first-aid-kit/index.html (+9ms)
12:21:34   Γö£ΓöÇ /what-to-buy/flag-football/index.html (+8ms)
12:21:34   Γö£ΓöÇ /what-to-buy/football-7v7/index.html (+7ms)
12:21:34   Γö£ΓöÇ /what-to-buy/football/index.html (+6ms)
12:21:34   Γö£ΓöÇ /what-to-buy/golf/index.html (+7ms)
12:21:34   Γö£ΓöÇ /what-to-buy/gymnastics/index.html (+8ms)
12:21:34   Γö£ΓöÇ /what-to-buy/hockey/index.html (+9ms)
12:21:34   Γö£ΓöÇ /what-to-buy/lacrosse-boys/index.html (+7ms)
12:21:34   Γö£ΓöÇ /what-to-buy/lacrosse-girls/index.html (+7ms)
12:21:34   Γö£ΓöÇ /what-to-buy/martial-arts/index.html (+5ms)
12:21:34   Γö£ΓöÇ /what-to-buy/season-essentials/index.html (+8ms)
12:21:34   Γö£ΓöÇ /what-to-buy/sideline-kit/index.html (+6ms)
12:21:34   Γö£ΓöÇ /what-to-buy/soccer/index.html (+9ms)
12:21:34   Γö£ΓöÇ /what-to-buy/softball/index.html (+6ms)
12:21:34   Γö£ΓöÇ /what-to-buy/stunt/index.html (+5ms)
12:21:34   Γö£ΓöÇ /what-to-buy/swimming/index.html (+6ms)
12:21:34   Γö£ΓöÇ /what-to-buy/tennis/index.html (+10ms)
12:21:34   Γö£ΓöÇ /what-to-buy/theater/index.html (+7ms)
12:21:34   Γö£ΓöÇ /what-to-buy/track-field/index.html (+7ms)
12:21:34   ΓööΓöÇ /what-to-buy/volleyball/index.html (+10ms)
12:21:34 Γû╢ src/pages/what-to-buy/index.astro
12:21:34   ΓööΓöÇ /what-to-buy/index.html (+11ms)
12:21:34 Γû╢ src/pages/why-we-exist.astro
12:21:34   ΓööΓöÇ /why-we-exist/index.html (+5ms)
12:21:34 Γû╢ src/pages/youth-sports-pendulum.astro
12:21:34   ΓööΓöÇ /youth-sports-pendulum/index.html (+4ms)
12:21:34 Γû╢ src/pages/index.astro
12:21:34   ΓööΓöÇ /index.html (+11ms)
12:21:34 Γû╢ src/pages/body/[slug].astro
12:21:34   Γö£ΓöÇ /body/acl-prevention-warmup/index.html (+14ms)
12:21:34   Γö£ΓöÇ /body/burnout-signs/index.html (+9ms)
12:21:34   Γö£ΓöÇ /body/coach-background-checks/index.html (+10ms)
12:21:34   Γö£ΓöÇ /body/concussion-protocol-basics/index.html (+8ms)
12:21:34   Γö£ΓöÇ /body/growth-plates-basics/index.html (+10ms)
12:21:34   Γö£ΓöÇ /body/heat-and-hydration/index.html (+7ms)
12:21:34   Γö£ΓöÇ /body/hydration-baseline/index.html (+10ms)
12:21:34   Γö£ΓöÇ /body/identity-beyond-the-sport/index.html (+7ms)
12:21:34   Γö£ΓöÇ /body/performance-anxiety/index.html (+7ms)
12:21:34   Γö£ΓöÇ /body/pre-game-nutrition/index.html (+8ms)
12:21:34   Γö£ΓöÇ /body/pre-game-routine/index.html (+8ms)
12:21:34   Γö£ΓöÇ /body/recovery-basics/index.html (+6ms)
12:21:34   Γö£ΓöÇ /body/safesport-basics-for-parents/index.html (+10ms)
12:21:34   Γö£ΓöÇ /body/single-sport-specialization/index.html (+7ms)
12:21:34   Γö£ΓöÇ /body/sleep-targets-by-age/index.html (+7ms)
12:21:34   ΓööΓöÇ /body/youth-pitcher-arm-care/index.html (+7ms)
12:21:34 Γû╢ src/pages/decisions/[slug].astro
12:21:34   Γö£ΓöÇ /decisions/change-clubs/index.html (+9ms)
12:21:34   Γö£ΓöÇ /decisions/hire-a-private-coach/index.html (+7ms)
12:21:34   Γö£ΓöÇ /decisions/how-many-sports/index.html (+6ms)
12:21:34   Γö£ΓöÇ /decisions/play-up-an-age-group/index.html (+6ms)
12:21:34   Γö£ΓöÇ /decisions/report-another-parents-behavior/index.html (+8ms)
12:21:34   Γö£ΓöÇ /decisions/should-my-kid-play-travel-sports/index.html (+8ms)
12:21:34   Γö£ΓöÇ /decisions/should-my-kid-quit-sports/index.html (+8ms)
12:21:34   Γö£ΓöÇ /decisions/skip-practice-for-school-event/index.html (+7ms)
12:21:34   Γö£ΓöÇ /decisions/the-rec-plus-baseball-model/index.html (+8ms)
12:21:34   ΓööΓöÇ /decisions/when-to-specialize/index.html (+9ms)
12:21:34 Γû╢ src/pages/go/[slug].astro
12:21:34   Γö£ΓöÇ /go/baseball-glove-youth/index.html (+5ms)
12:21:34   Γö£ΓöÇ /go/baseball-glove-9in-youth/index.html (+3ms)
12:21:34   Γö£ΓöÇ /go/baseball-bat-teeball/index.html (+5ms)
12:21:34   Γö£ΓöÇ /go/baseball-helmet-youth/index.html (+4ms)
12:21:34   Γö£ΓöÇ /go/baseball-balls-teeball/index.html (+3ms)
12:21:34   Γö£ΓöÇ /go/baseball-bases-rubber/index.html (+2ms)
12:21:34   Γö£ΓöÇ /go/baseball-balls-wiffle/index.html (+3ms)
12:21:34   Γö£ΓöÇ /go/baseball-blitzball-set/index.html (+4ms)
12:21:34   Γö£ΓöÇ /go/baseball-glove-breakin-kit/index.html (+3ms)
12:21:34   Γö£ΓöÇ /go/baseball-glove-laces/index.html (+4ms)
12:21:34   Γö£ΓöÇ /go/baseball-pants-youth/index.html (+2ms)
12:21:34   Γö£ΓöÇ /go/baseball-belt-youth/index.html (+3ms)
12:21:34   Γö£ΓöÇ /go/baseball-catchers-mitt-32in/index.html (+3ms)
12:21:34   Γö£ΓöÇ /go/baseball-batting-gloves-youth/index.html (+3ms)
12:21:34   Γö£ΓöÇ /go/baseball-cup-youth/index.html (+2ms)
12:21:34   Γö£ΓöÇ /go/baseball-catchers-gear-youth/index.html (+3ms)
12:21:34   Γö£ΓöÇ /go/baseball-catchers-bag/index.html (+3ms)
12:21:34   Γö£ΓöÇ /go/baseball-sliding-mitt/index.html (+4ms)
12:21:34   Γö£ΓöÇ /go/baseball-arm-sleeve/index.html (+3ms)
12:21:34   Γö£ΓöÇ /go/baseball-bat-28in/index.html (+2ms)
12:21:34   Γö£ΓöÇ /go/baseball-trainer/index.html (+3ms)
12:21:34   Γö£ΓöÇ /go/baseball-throwback-net/index.html (+3ms)
12:21:34   Γö£ΓöÇ /go/softball-glove-11in/index.html (+3ms)
12:21:34   Γö£ΓöÇ /go/lacrosse-ball/index.html (+2ms)
12:21:34   Γö£ΓöÇ /go/lacrosse-starter-kit-youth/index.html (+3ms)
12:21:34   Γö£ΓöÇ /go/soccer-cones-12pk/index.html (+2ms)
12:21:34   Γö£ΓöÇ /go/soccer-rebound-net/index.html (+2ms)
12:21:34   Γö£ΓöÇ /go/soccer-cleats-youth/index.html (+3ms)
12:21:34   Γö£ΓöÇ /go/agility-cones/index.html (+3ms)
12:21:34   Γö£ΓöÇ /go/agility-training-pole/index.html (+3ms)
12:21:34   Γö£ΓöÇ /go/football-rubber-youth/index.html (+3ms)
12:21:34   Γö£ΓöÇ /go/football-leather-youth/index.html (+3ms)
12:21:34   Γö£ΓöÇ /go/football-leather-college/index.html (+3ms)
12:21:34   Γö£ΓöÇ /go/football-qb-wristbands/index.html (+3ms)
12:21:34   Γö£ΓöÇ /go/football-qb-throwing-net/index.html (+2ms)
12:21:34   Γö£ΓöÇ /go/hockey-puck/index.html (+4ms)
12:21:34   Γö£ΓöÇ /go/hockey-stick-youth/index.html (+3ms)
12:21:34   Γö£ΓöÇ /go/volleyball-net/index.html (+4ms)
12:21:34   ΓööΓöÇ /go/tennis-net/index.html (+3ms)
12:21:34 Γû╢ src/pages/season-calendar/[slug].astro
12:21:34   Γö£ΓöÇ /season-calendar/aau-basketball-12u-year-round/index.html (+13ms)
12:21:35   Γö£ΓöÇ /season-calendar/club-volleyball-14s/index.html (+9ms)
12:21:35   Γö£ΓöÇ /season-calendar/dance-studio-recital-cycle/index.html (+9ms)
12:21:35   Γö£ΓöÇ /season-calendar/hs-basketball-winter-boys/index.html (+9ms)
12:21:35   Γö£ΓöÇ /season-calendar/hs-football-fall-pnw/index.html (+7ms)
12:21:35   Γö£ΓöÇ /season-calendar/hs-lacrosse-spring-boys/index.html (+10ms)
12:21:35   Γö£ΓöÇ /season-calendar/hs-soccer-fall/index.html (+11ms)
12:21:35   Γö£ΓöÇ /season-calendar/little-league-rec-baseball-spring/index.html (+11ms)
12:21:35   Γö£ΓöÇ /season-calendar/year-round-ecnl-soccer/index.html (+7ms)
12:21:35   ΓööΓöÇ /season-calendar/year-round-gymnastics/index.html (+12ms)
12:21:35 ╬╗ src/pages/rss.xml.ts
12:21:35   ΓööΓöÇ /rss.xml (+20ms)
12:21:35 Γ£ô Completed in 8.14s.

12:21:35 [build] Rearranging server assets...
12:21:35 [build] Server built in 25.84s
12:21:35 [build] Complete!
